Archive member included to satisfy reference by file (symbol)

C:/Users/paola/.pico-sdk/toolchain/13_3_Rel1/bin/../lib/gcc/arm-none-eabi/13.3.1/thumb/v6-m/nofp\libgcc.a(_dvmd_tls.o)
                              CMakeFiles/conversorAD.dir/C_/Users/paola/.pico-sdk/sdk/2.1.0/src/rp2_common/pico_divider/divider_hardware.S.obj (__aeabi_idiv0)
C:/Users/paola/.pico-sdk/toolchain/13_3_Rel1/bin/../lib/gcc/arm-none-eabi/13.3.1/thumb/v6-m/nofp\libg.a(libc_a-calloc.o)
                              CMakeFiles/conversorAD.dir/C_/Users/paola/.pico-sdk/sdk/2.1.0/src/rp2_common/pico_malloc/malloc.c.obj (calloc)
C:/Users/paola/.pico-sdk/toolchain/13_3_Rel1/bin/../lib/gcc/arm-none-eabi/13.3.1/thumb/v6-m/nofp\libg.a(libc_a-callocr.o)
                              C:/Users/paola/.pico-sdk/toolchain/13_3_Rel1/bin/../lib/gcc/arm-none-eabi/13.3.1/thumb/v6-m/nofp\libg.a(libc_a-calloc.o) (_calloc_r)
C:/Users/paola/.pico-sdk/toolchain/13_3_Rel1/bin/../lib/gcc/arm-none-eabi/13.3.1/thumb/v6-m/nofp\libg.a(libc_a-malloc.o)
                              CMakeFiles/conversorAD.dir/C_/Users/paola/.pico-sdk/sdk/2.1.0/src/rp2_common/pico_malloc/malloc.c.obj (malloc)
C:/Users/paola/.pico-sdk/toolchain/13_3_Rel1/bin/../lib/gcc/arm-none-eabi/13.3.1/thumb/v6-m/nofp\libg.a(libc_a-mallocr.o)
                              C:/Users/paola/.pico-sdk/toolchain/13_3_Rel1/bin/../lib/gcc/arm-none-eabi/13.3.1/thumb/v6-m/nofp\libg.a(libc_a-callocr.o) (_malloc_r)
C:/Users/paola/.pico-sdk/toolchain/13_3_Rel1/bin/../lib/gcc/arm-none-eabi/13.3.1/thumb/v6-m/nofp\libg.a(libc_a-mlock.o)
                              C:/Users/paola/.pico-sdk/toolchain/13_3_Rel1/bin/../lib/gcc/arm-none-eabi/13.3.1/thumb/v6-m/nofp\libg.a(libc_a-mallocr.o) (__malloc_lock)
C:/Users/paola/.pico-sdk/toolchain/13_3_Rel1/bin/../lib/gcc/arm-none-eabi/13.3.1/thumb/v6-m/nofp\libg.a(libc_a-realloc.o)
                              CMakeFiles/conversorAD.dir/C_/Users/paola/.pico-sdk/sdk/2.1.0/src/rp2_common/pico_malloc/malloc.c.obj (realloc)
C:/Users/paola/.pico-sdk/toolchain/13_3_Rel1/bin/../lib/gcc/arm-none-eabi/13.3.1/thumb/v6-m/nofp\libg.a(libc_a-reallocr.o)
                              C:/Users/paola/.pico-sdk/toolchain/13_3_Rel1/bin/../lib/gcc/arm-none-eabi/13.3.1/thumb/v6-m/nofp\libg.a(libc_a-realloc.o) (_realloc_r)
C:/Users/paola/.pico-sdk/toolchain/13_3_Rel1/bin/../lib/gcc/arm-none-eabi/13.3.1/thumb/v6-m/nofp\libg.a(libc_a-memcmp.o)
                              CMakeFiles/conversorAD.dir/C_/Users/paola/.pico-sdk/sdk/2.1.0/src/rp2_common/pico_atomic/atomic.c.obj (memcmp)
C:/Users/paola/.pico-sdk/toolchain/13_3_Rel1/bin/../lib/gcc/arm-none-eabi/13.3.1/thumb/v6-m/nofp\libg.a(libc_a-memmove.o)
                              C:/Users/paola/.pico-sdk/toolchain/13_3_Rel1/bin/../lib/gcc/arm-none-eabi/13.3.1/thumb/v6-m/nofp\libg.a(libc_a-reallocr.o) (memmove)
C:/Users/paola/.pico-sdk/toolchain/13_3_Rel1/bin/../lib/gcc/arm-none-eabi/13.3.1/thumb/v6-m/nofp\libg.a(libc_a-lcltime_r.o)
                              CMakeFiles/conversorAD.dir/C_/Users/paola/.pico-sdk/sdk/2.1.0/src/common/pico_util/datetime.c.obj (localtime_r)
C:/Users/paola/.pico-sdk/toolchain/13_3_Rel1/bin/../lib/gcc/arm-none-eabi/13.3.1/thumb/v6-m/nofp\libg.a(libc_a-mktime.o)
                              CMakeFiles/conversorAD.dir/C_/Users/paola/.pico-sdk/sdk/2.1.0/src/common/pico_util/datetime.c.obj (mktime)
C:/Users/paola/.pico-sdk/toolchain/13_3_Rel1/bin/../lib/gcc/arm-none-eabi/13.3.1/thumb/v6-m/nofp\libg.a(libc_a-month_lengths.o)
                              C:/Users/paola/.pico-sdk/toolchain/13_3_Rel1/bin/../lib/gcc/arm-none-eabi/13.3.1/thumb/v6-m/nofp\libg.a(libc_a-lcltime_r.o) (__month_lengths)
C:/Users/paola/.pico-sdk/toolchain/13_3_Rel1/bin/../lib/gcc/arm-none-eabi/13.3.1/thumb/v6-m/nofp\libg.a(libc_a-tzcalc_limits.o)
                              C:/Users/paola/.pico-sdk/toolchain/13_3_Rel1/bin/../lib/gcc/arm-none-eabi/13.3.1/thumb/v6-m/nofp\libg.a(libc_a-lcltime_r.o) (__tzcalc_limits)
C:/Users/paola/.pico-sdk/toolchain/13_3_Rel1/bin/../lib/gcc/arm-none-eabi/13.3.1/thumb/v6-m/nofp\libg.a(libc_a-tzlock.o)
                              C:/Users/paola/.pico-sdk/toolchain/13_3_Rel1/bin/../lib/gcc/arm-none-eabi/13.3.1/thumb/v6-m/nofp\libg.a(libc_a-lcltime_r.o) (__tz_lock)
C:/Users/paola/.pico-sdk/toolchain/13_3_Rel1/bin/../lib/gcc/arm-none-eabi/13.3.1/thumb/v6-m/nofp\libg.a(libc_a-tzset.o)
                              C:/Users/paola/.pico-sdk/toolchain/13_3_Rel1/bin/../lib/gcc/arm-none-eabi/13.3.1/thumb/v6-m/nofp\libg.a(libc_a-lcltime_r.o) (_tzset_unlocked)
C:/Users/paola/.pico-sdk/toolchain/13_3_Rel1/bin/../lib/gcc/arm-none-eabi/13.3.1/thumb/v6-m/nofp\libg.a(libc_a-tzset_r.o)
                              C:/Users/paola/.pico-sdk/toolchain/13_3_Rel1/bin/../lib/gcc/arm-none-eabi/13.3.1/thumb/v6-m/nofp\libg.a(libc_a-tzset.o) (_tzset_unlocked_r)
C:/Users/paola/.pico-sdk/toolchain/13_3_Rel1/bin/../lib/gcc/arm-none-eabi/13.3.1/thumb/v6-m/nofp\libg.a(libc_a-tzvars.o)
[...]
Memory Configuration

Name             Origin             Length             Attributes
FLASH            0x10000000         0x00200000         xr
RAM              0x20000000         0x00040000         xrw
SCRATCH_X        0x20040000         0x00001000         xrw
SCRATCH_Y        0x20041000         0x00001000         xrw
*default*        0x00000000         0xffffffff

Linker script and memory map

LOAD C:/Users/paola/.pico-sdk/toolchain/13_3_Rel1/bin/../lib/gcc/arm-none-eabi/13.3.1/thumb/v6-m/nofp/crti.o
LOAD C:/Users/paola/.pico-sdk/toolchain/13_3_Rel1/bin/../lib/gcc/arm-none-eabi/13.3.1/thumb/v6-m/nofp/crtbegin.o
LOAD C:/Users/paola/.pico-sdk/toolchain/13_3_Rel1/bin/../lib/gcc/arm-none-eabi/13.3.1/thumb/v6-m/nofp/crt0.o

.flash_begin    0x10000000        0x0
                0x10000000                        __flash_binary_start = .

.boot2          0x10000000      0x100
                0x10000000                        __boot2_start__ = .
 *(.boot2)
 .boot2         0x10000000      0x100 pico-sdk/src/rp2040/boot_stage2/CMakeFiles/bs2_default_library.dir/./bs2_default_padded_checksummed.S.obj
                0x10000100                        __boot2_end__ = .
                0x00000001                        ASSERT (((__boot2_end__ - __boot2_start__) == 0x100), ERROR: Pico second stage bootloader must be 256 bytes in size)

.text           0x10000100     0x7df4
                0x10000100                        __logical_binary_start = .
 *(.vectors)
 .vectors       0x10000100       0xd4 CMakeFiles/conversorAD.dir/C_/Users/paola/.pico-sdk/sdk/2.1.0/src/rp2_common/pico_crt0/crt0.S.obj
                0x10000100                __VECTOR_TABLE
                0x10000100                __vectors
                0x100001c0                isr_invalid
                0x100001c0                __default_isrs_start
                0x100001c2                isr_nmi
                0x100001c4                isr_hardfault
                0x100001c6                isr_svcall
                0x100001c8                isr_pendsv
                0x100001ca                isr_systick
                0x100001cc                isr_irq23
                0x100001cc                isr_irq18
                0x100001cc                isr_irq11
                0x100001cc                isr_irq28
                0x100001cc                isr_irq19
                0x100001cc                isr_irq0
                0x100001cc                isr_irq6
                0x100001cc                isr_irq5
                0x100001cc                isr_irq12
                0x100001cc                isr_irq22
                0x100001cc                isr_irq31
                0x100001cc                isr_irq17
                0x100001cc                isr_irq27
                0x100001cc                isr_irq30
                0x100001cc                isr_irq2
                0x100001cc                isr_irq10
                0x100001cc                isr_irq8
                0x100001cc                isr_irq24
                0x100001cc                isr_irq1
                0x100001cc                isr_irq7
                0x100001cc                isr_irq21
                0x100001cc                isr_irq20
                0x100001cc                isr_irq15
                0x100001cc                isr_irq25
                0x100001cc                isr_irq13
                0x100001cc                __unhandled_user_irq
                0x100001cc                isr_irq4
                0x100001cc                isr_irq16
                0x100001cc                isr_irq29
                0x100001cc                isr_irq26
                0x100001cc                __default_isrs_end
                0x100001cc                isr_irq3
                0x100001cc                isr_irq14
                0x100001cc                isr_irq9
                0x100001d2                unhandled_user_irq_num_in_r0
 *(.binary_info_header)
 .binary_info_header
                0x100001d4       0x14 CMakeFiles/conversorAD.dir/C_/Users/paola/.pico-sdk/sdk/2.1.0/src/rp2_common/pico_crt0/crt0.S.obj
                0x100001e8                        __binary_info_header_end = .
 *(.embedded_block)
                0x100001e8                        __embedded_block_end = .
 *(.reset)
 .reset         0x100001e8       0x9c CMakeFiles/conversorAD.dir/C_/Users/paola/.pico-sdk/sdk/2.1.0/src/rp2_common/pico_crt0/crt0.S.obj
                0x100001e8                _entry_point
 *(.init)
 .init          0x10000284        0x4 C:/Users/paola/.pico-sdk/toolchain/13_3_Rel1/bin/../lib/gcc/arm-none-eabi/13.3.1/thumb/v6-m/nofp/crti.o
                0x10000284                _init
 *(EXCLUDE_FILE(*libm.a: *libc.a:*lib_a-mem*.o *libgcc.a:) .text*)
 .text.register_tm_clones
                0x10000288       0x28 C:/Users/paola/.pico-sdk/toolchain/13_3_Rel1/bin/../lib/gcc/arm-none-eabi/13.3.1/thumb/v6-m/nofp/crtbegin.o
 .text.frame_dummy
                0x100002b0       0x24 C:/Users/paola/.pico-sdk/toolchain/13_3_Rel1/bin/../lib/gcc/arm-none-eabi/13.3.1/thumb/v6-m/nofp/crtbegin.o
 .text.gpio_callback
                0x100002d4      0x114 CMakeFiles/conversorAD.dir/conversorAD.c.obj
                0x100002d4                gpio_callback
 .text.adc_gpio_init
                0x100003e8       0x20 CMakeFiles/conversorAD.dir/conversorAD.c.obj
 .text.startup.main
                0x10000408      0x3f0 CMakeFiles/conversorAD.dir/conversorAD.c.obj
                0x10000408                main
 .text.ssd1306_init
                0x100007f8       0x34 CMakeFiles/conversorAD.dir/lib/ssd1306.c.obj
                0x100007f8                ssd1306_init
 .text.ssd1306_config
                0x1000082c      0x1d0 CMakeFiles/conversorAD.dir/lib/ssd1306.c.obj
                0x1000082c                ssd1306_config
 .text.ssd1306_send_data
                0x100009fc       0x8c CMakeFiles/conversorAD.dir/lib/ssd1306.c.obj
                0x100009fc                ssd1306_send_data
 .text.ssd1306_fill
                0x10000a88       0x80 CMakeFiles/conversorAD.dir/lib/ssd1306.c.obj
                0x10000a88                ssd1306_fill
 .text.ssd1306_rect
                0x10000b08      0x28c CMakeFiles/conversorAD.dir/lib/ssd1306.c.obj
                0x10000b08                ssd1306_rect
 .text.gpio_default_irq_handler
                0x10000d94      0x274 CMakeFiles/conversorAD.dir/C_/Users/paola/.pico-sdk/sdk/2.1.0/src/rp2_common/hardware_gpio/gpio.c.obj
 .text.gpio_set_function
                0x10001008       0x34 CMakeFiles/conversorAD.dir/C_/Users/paola/.pico-sdk/sdk/2.1.0/src/rp2_common/hardware_gpio/gpio.c.obj
                0x10001008                gpio_set_function
 .text.gpio_set_pulls
                0x1000103c       0x28 CMakeFiles/conversorAD.dir/C_/Users/paola/.pico-sdk/sdk/2.1.0/src/rp2_common/hardware_gpio/gpio.c.obj
                0x1000103c                gpio_set_pulls
 .text.gpio_set_irq_enabled
                0x10001064       0x58 CMakeFiles/conversorAD.dir/C_/Users/paola/.pico-sdk/sdk/2.1.0/src/rp2_common/hardware_gpio/gpio.c.obj
                0x10001064                gpio_set_irq_enabled
 .text.gpio_set_irq_enabled_with_callback
                0x100010bc       0xd0 CMakeFiles/conversorAD.dir/C_/Users/paola/.pico-sdk/sdk/2.1.0/src/rp2_common/hardware_gpio/gpio.c.obj
                0x100010bc                gpio_set_irq_enabled_with_callback
 .text.gpio_set_input_enabled
                0x1000118c       0x28 CMakeFiles/conversorAD.dir/C_/Users/paola/.pico-sdk/sdk/2.1.0/src/rp2_common/hardware_gpio/gpio.c.obj
                0x1000118c                gpio_set_input_enabled
 .text.gpio_init
                0x100011b4       0x40 CMakeFiles/conversorAD.dir/C_/Users/paola/.pico-sdk/sdk/2.1.0/src/rp2_common/hardware_gpio/gpio.c.obj
                0x100011b4                gpio_init
 .text.rp2040_chip_version
                0x100011f4        0xc CMakeFiles/conversorAD.dir/C_/Users/paola/.pico-sdk/sdk/2.1.0/src/rp2040/pico_platform/platform.c.obj
                0x100011f4                rp2040_chip_version
 .text.panic    0x10001200       0x30 CMakeFiles/conversorAD.dir/C_/Users/paola/.pico-sdk/sdk/2.1.0/src/rp2_common/pico_platform_panic/panic.c.obj
                0x10001200                panic
 .text.hw_claim_or_assert
                0x10001230       0x44 CMakeFiles/conversorAD.dir/C_/Users/paola/.pico-sdk/sdk/2.1.0/src/common/hardware_claim/claim.c.obj
                0x10001230                hw_claim_or_assert
 .text.hw_claim_unused_from_range
                0x10001274       0x9c CMakeFiles/conversorAD.dir/C_/Users/paola/.pico-sdk/sdk/2.1.0/src/common/hardware_claim/claim.c.obj
                0x10001274                hw_claim_unused_from_range
 .text.next_striped_spin_lock_num
                0x10001310       0x18 CMakeFiles/conversorAD.dir/C_/Users/paola/.pico-sdk/sdk/2.1.0/src/rp2_common/hardware_sync/sync.c.obj
                0x10001310                next_striped_spin_lock_num
 .text.spin_lock_claim_unused
                0x10001328       0x24 CMakeFiles/conversorAD.dir/C_/Users/paola/.pico-sdk/sdk/2.1.0/src/rp2_common/hardware_sync/sync.c.obj
                0x10001328                spin_lock_claim_unused
 .text.spin_locks_reset
                0x1000134c       0x1c CMakeFiles/conversorAD.dir/C_/Users/paola/.pico-sdk/sdk/2.1.0/src/rp2_common/hardware_sync_spin_lock/sync_spin_lock.c.obj
                0x1000134c                spin_locks_reset
 .text.runtime_init_per_core_irq_priorities
                0x10001368       0x24 CMakeFiles/conversorAD.dir/C_/Users/paola/.pico-sdk/sdk/2.1.0/src/rp2_common/hardware_irq/irq.c.obj
                0x10001368                runtime_init_per_core_irq_priorities
 .text.irq_set_enabled
                0x1000138c       0x24 CMakeFiles/conversorAD.dir/C_/Users/paola/.pico-sdk/sdk/2.1.0/src/rp2_common/hardware_irq/irq.c.obj
                0x1000138c                irq_set_enabled
 .text.irq_is_enabled
                0x100013b0       0x18 CMakeFiles/conversorAD.dir/C_/Users/paola/.pico-sdk/sdk/2.1.0/src/rp2_common/hardware_irq/irq.c.obj
                0x100013b0                irq_is_enabled
 .text.irq_set_pending
                0x100013c8       0x10 CMakeFiles/conversorAD.dir/C_/Users/paola/.pico-sdk/sdk/2.1.0/src/rp2_common/hardware_irq/irq.c.obj
                0x100013c8                irq_set_pending
 .text.irq_has_shared_handler
                0x100013d8       0x2c CMakeFiles/conversorAD.dir/C_/Users/paola/.pico-sdk/sdk/2.1.0/src/rp2_common/hardware_irq/irq.c.obj
                0x100013d8                irq_has_shared_handler
 .text.irq_set_exclusive_handler
                0x10001404       0x54 CMakeFiles/conversorAD.dir/C_/Users/paola/.pico-sdk/sdk/2.1.0/src/rp2_common/hardware_irq/irq.c.obj
                0x10001404                irq_set_exclusive_handler
 .text.irq_add_shared_handler
                0x10001458      0x1f4 CMakeFiles/conversorAD.dir/C_/Users/paola/.pico-sdk/sdk/2.1.0/src/rp2_common/hardware_irq/irq.c.obj
                0x10001458                irq_add_shared_handler
 .text.irq_remove_handler
                0x1000164c      0x1d4 CMakeFiles/conversorAD.dir/C_/Users/paola/.pico-sdk/sdk/2.1.0/src/rp2_common/hardware_irq/irq.c.obj
                0x1000164c                irq_remove_handler
 .text.irq_add_tail_to_free_list
                0x10001820       0xb4 CMakeFiles/conversorAD.dir/C_/Users/paola/.pico-sdk/sdk/2.1.0/src/rp2_common/hardware_irq/irq.c.obj
                0x10001820                irq_add_tail_to_free_list
 .text.user_irq_claim_unused
                0x100018d4       0x2c CMakeFiles/conversorAD.dir/C_/Users/paola/.pico-sdk/sdk/2.1.0/src/rp2_common/hardware_irq/irq.c.obj
                0x100018d4                user_irq_claim_unused
 .text.lock_init
                0x10001900       0x10 CMakeFiles/conversorAD.dir/C_/Users/paola/.pico-sdk/sdk/2.1.0/src/common/pico_sync/lock_core.c.obj
                0x10001900                lock_init
 .text.runtime_init_mutex
                0x10001910       0x50 CMakeFiles/conversorAD.dir/C_/Users/paola/.pico-sdk/sdk/2.1.0/src/common/pico_sync/mutex.c.obj
                0x10001910                runtime_init_mutex
 .text.mutex_init
                0x10001960       0x1c CMakeFiles/conversorAD.dir/C_/Users/paola/.pico-sdk/sdk/2.1.0/src/common/pico_sync/mutex.c.obj
                0x10001960                mutex_init
 .text.critical_section_init
                0x1000197c       0x1c CMakeFiles/conversorAD.dir/C_/Users/paola/.pico-sdk/sdk/2.1.0/src/common/pico_sync/critical_section.c.obj
                0x1000197c                critical_section_init
 .text.critical_section_init_with_lock_num
                0x10001998       0x14 CMakeFiles/conversorAD.dir/C_/Users/paola/.pico-sdk/sdk/2.1.0/src/common/pico_sync/critical_section.c.obj
                0x10001998                critical_section_init_with_lock_num
 .text.sleep_until_callback
                0x100019ac       0x30 CMakeFiles/conversorAD.dir/C_/Users/paola/.pico-sdk/sdk/2.1.0/src/common/pico_time/time.c.obj
 .text.alarm_pool_irq_handler
                0x100019dc      0x2fc CMakeFiles/conversorAD.dir/C_/Users/paola/.pico-sdk/sdk/2.1.0/src/common/pico_time/time.c.obj
 .text.runtime_init_default_alarm_pool
                0x10001cd8       0xdc CMakeFiles/conversorAD.dir/C_/Users/paola/.pico-sdk/sdk/2.1.0/src/common/pico_time/time.c.obj
                0x10001cd8                runtime_init_default_alarm_pool
 .text.alarm_pool_get_default
                0x10001db4        0x8 CMakeFiles/conversorAD.dir/C_/Users/paola/.pico-sdk/sdk/2.1.0/src/common/pico_time/time.c.obj
                0x10001db4                alarm_pool_get_default
 .text.alarm_pool_add_alarm_at
                0x10001dbc       0xd4 CMakeFiles/conversorAD.dir/C_/Users/paola/.pico-sdk/sdk/2.1.0/src/common/pico_time/time.c.obj
                0x10001dbc                alarm_pool_add_alarm_at
 .text.alarm_pool_add_alarm_at_force_in_context
                0x10001e90       0xb0 CMakeFiles/conversorAD.dir/C_/Users/paola/.pico-sdk/sdk/2.1.0/src/common/pico_time/time.c.obj
                0x10001e90                alarm_pool_add_alarm_at_force_in_context
 .text.alarm_pool_cancel_alarm
                0x10001f40       0x74 CMakeFiles/conversorAD.dir/C_/Users/paola/.pico-sdk/sdk/2.1.0/src/common/pico_time/time.c.obj
                0x10001f40                alarm_pool_cancel_alarm
 .text.alarm_pool_core_num
                0x10001fb4        0x4 CMakeFiles/conversorAD.dir/C_/Users/paola/.pico-sdk/sdk/2.1.0/src/common/pico_time/time.c.obj
                0x10001fb4                alarm_pool_core_num
 .text.sleep_until
                0x10001fb8       0xd8 CMakeFiles/conversorAD.dir/C_/Users/paola/.pico-sdk/sdk/2.1.0/src/common/pico_time/time.c.obj
                0x10001fb8                sleep_until
 .text.sleep_ms
                0x10002090       0x38 CMakeFiles/conversorAD.dir/C_/Users/paola/.pico-sdk/sdk/2.1.0/src/common/pico_time/time.c.obj
                0x10002090                sleep_ms
 .text.best_effort_wfe_or_timeout
                0x100020c8       0xe0 CMakeFiles/conversorAD.dir/C_/Users/paola/.pico-sdk/sdk/2.1.0/src/common/pico_time/time.c.obj
                0x100020c8                best_effort_wfe_or_timeout
 .text.timer_hardware_alarm_claim
                0x100021a8       0x14 CMakeFiles/conversorAD.dir/C_/Users/paola/.pico-sdk/sdk/2.1.0/src/rp2_common/hardware_timer/timer.c.obj
                0x100021a8                timer_hardware_alarm_claim
 .text.timer_time_us_64
                0x100021bc       0x10 CMakeFiles/conversorAD.dir/C_/Users/paola/.pico-sdk/sdk/2.1.0/src/rp2_common/hardware_timer/timer.c.obj
                0x100021bc                timer_time_us_64
 .text.time_us_64
                0x100021cc       0x14 CMakeFiles/conversorAD.dir/C_/Users/paola/.pico-sdk/sdk/2.1.0/src/rp2_common/hardware_timer/timer.c.obj
                0x100021cc                time_us_64
 .text.busy_wait_until
                0x100021e0       0x20 CMakeFiles/conversorAD.dir/C_/Users/paola/.pico-sdk/sdk/2.1.0/src/rp2_common/hardware_timer/timer.c.obj
                0x100021e0                busy_wait_until
 .text.clock_configure_int_divider
                0x10002200       0xf4 CMakeFiles/conversorAD.dir/C_/Users/paola/.pico-sdk/sdk/2.1.0/src/rp2_common/hardware_clocks/clocks.c.obj
                0x10002200                clock_configure_int_divider
 .text.clock_configure_undivided
                0x100022f4       0xe8 CMakeFiles/conversorAD.dir/C_/Users/paola/.pico-sdk/sdk/2.1.0/src/rp2_common/hardware_clocks/clocks.c.obj
                0x100022f4                clock_configure_undivided
 .text.clock_get_hz
                0x100023dc        0xc CMakeFiles/conversorAD.dir/C_/Users/paola/.pico-sdk/sdk/2.1.0/src/rp2_common/hardware_clocks/clocks.c.obj
                0x100023dc                clock_get_hz
 .text.pll_init
                0x100023e8       0xa4 CMakeFiles/conversorAD.dir/C_/Users/paola/.pico-sdk/sdk/2.1.0/src/rp2_common/hardware_pll/pll.c.obj
                0x100023e8                pll_init
 .text.watchdog_reboot
                0x1000248c       0x9c CMakeFiles/conversorAD.dir/C_/Users/paola/.pico-sdk/sdk/2.1.0/src/rp2_common/hardware_watchdog/watchdog.c.obj
                0x1000248c                watchdog_reboot
 .text.tick_start
                0x10002528       0x10 CMakeFiles/conversorAD.dir/C_/Users/paola/.pico-sdk/sdk/2.1.0/src/rp2_common/hardware_ticks/ticks.c.obj
                0x10002528                tick_start
 .text.rom_func_lookup
                0x10002538       0x10 CMakeFiles/conversorAD.dir/C_/Users/paola/.pico-sdk/sdk/2.1.0/src/rp2_common/pico_bootrom/bootrom.c.obj
                0x10002538                rom_func_lookup
 .text.rom_data_lookup
                0x10002548       0x10 CMakeFiles/conversorAD.dir/C_/Users/paola/.pico-sdk/sdk/2.1.0/src/rp2_common/pico_bootrom/bootrom.c.obj
                0x10002548                rom_data_lookup
 .text.rom_funcs_lookup
                0x10002558       0x44 CMakeFiles/conversorAD.dir/C_/Users/paola/.pico-sdk/sdk/2.1.0/src/rp2_common/pico_bootrom/bootrom.c.obj
                0x10002558                rom_funcs_lookup
 .text.rom_reset_usb_boot_extra
                0x1000259c       0x28 CMakeFiles/conversorAD.dir/C_/Users/paola/.pico-sdk/sdk/2.1.0/src/rp2_common/pico_bootrom/bootrom.c.obj
                0x1000259c                rom_reset_usb_boot_extra
 .text.xosc_init
                0x100025c4       0x28 CMakeFiles/conversorAD.dir/C_/Users/paola/.pico-sdk/sdk/2.1.0/src/rp2_common/hardware_xosc/xosc.c.obj
                0x100025c4                xosc_init
 .text.first_per_core_initializer
                0x100025ec        0x4 CMakeFiles/conversorAD.dir/C_/Users/paola/.pico-sdk/sdk/2.1.0/src/rp2_common/pico_runtime/runtime.c.obj
 .text.hard_assertion_failure
                0x100025f0        0xc CMakeFiles/conversorAD.dir/C_/Users/paola/.pico-sdk/sdk/2.1.0/src/rp2_common/pico_runtime/runtime.c.obj
                0x100025f0                hard_assertion_failure
 .text.runtime_run_initializers
                0x100025fc       0x28 CMakeFiles/conversorAD.dir/C_/Users/paola/.pico-sdk/sdk/2.1.0/src/rp2_common/pico_runtime/runtime.c.obj
                0x100025fc                runtime_run_initializers
 .text.runtime_init_early_resets
                0x10002624       0x2c CMakeFiles/conversorAD.dir/C_/Users/paola/.pico-sdk/sdk/2.1.0/src/rp2_common/pico_runtime_init/runtime_init.c.obj
                0x10002624                runtime_init_early_resets
 .text.runtime_init_usb_power_down
                0x10002650       0x1c CMakeFiles/conversorAD.dir/C_/Users/paola/.pico-sdk/sdk/2.1.0/src/rp2_common/pico_runtime_init/runtime_init.c.obj
                0x10002650                runtime_init_usb_power_down
 .text.runtime_init_post_clock_resets
                0x1000266c       0x20 CMakeFiles/conversorAD.dir/C_/Users/paola/.pico-sdk/sdk/2.1.0/src/rp2_common/pico_runtime_init/runtime_init.c.obj
                0x1000266c                runtime_init_post_clock_resets
 .text.runtime_init_rp2040_gpio_ie_disable
                0x1000268c       0x14 CMakeFiles/conversorAD.dir/C_/Users/paola/.pico-sdk/sdk/2.1.0/src/rp2_common/pico_runtime_init/runtime_init.c.obj
                0x1000268c                runtime_init_rp2040_gpio_ie_disable
 .text.runtime_init_spin_locks_reset
                0x100026a0        0x8 CMakeFiles/conversorAD.dir/C_/Users/paola/.pico-sdk/sdk/2.1.0/src/rp2_common/pico_runtime_init/runtime_init.c.obj
                0x100026a0                runtime_init_spin_locks_reset
 .text.runtime_init_install_ram_vector_table
                0x100026a8       0x1c CMakeFiles/conversorAD.dir/C_/Users/paola/.pico-sdk/sdk/2.1.0/src/rp2_common/pico_runtime_init/runtime_init.c.obj
                0x100026a8                runtime_init_install_ram_vector_table
 .text.runtime_init_clocks
                0x100026c4       0xd8 CMakeFiles/conversorAD.dir/C_/Users/paola/.pico-sdk/sdk/2.1.0/src/rp2_common/pico_runtime_init/runtime_init_clocks.c.obj
                0x100026c4                runtime_init_clocks
 .text          0x1000279c       0x10 CMakeFiles/conversorAD.dir/C_/Users/paola/.pico-sdk/sdk/2.1.0/src/rp2_common/pico_bit_ops/bit_ops_aeabi.S.obj
 .text.__wrap___aeabi_idiv
                0x100027ac       0x50 CMakeFiles/conversorAD.dir/C_/Users/paola/.pico-sdk/sdk/2.1.0/src/rp2_common/pico_divider/divider_hardware.S.obj
                0x100027ac                __wrap___aeabi_idivmod
                0x100027ac                divmod_s32s32
                0x100027ac                div_s32s32
                0x100027ac                __wrap___aeabi_idiv
                0x100027b4                divmod_s32s32_unsafe
                0x100027e0                divmod_s32s32_savestate
 .text.__wrap___aeabi_uidiv
                0x100027fc       0x4c CMakeFiles/conversorAD.dir/C_/Users/paola/.pico-sdk/sdk/2.1.0/src/rp2_common/pico_divider/divider_hardware.S.obj
                0x100027fc                __wrap___aeabi_uidiv
                0x100027fc                __wrap___aeabi_uidivmod
                0x100027fc                div_u32u32
                0x100027fc                divmod_u32u32
                0x10002804                divmod_u32u32_unsafe
                0x1000282c                divmod_u32u32_savestate
 .text.__wrap___aeabi_ldiv
                0x10002848      0x424 CMakeFiles/conversorAD.dir/C_/Users/paola/.pico-sdk/sdk/2.1.0/src/rp2_common/pico_divider/divider_hardware.S.obj
                0x10002848                div_s64s64
                0x10002848                divmod_s64s64
                0x10002848                __wrap___aeabi_ldivmod
                0x10002878                divmod_u64u64
                0x10002878                div_u64u64
                0x10002878                __wrap___aeabi_uldivmod
                0x10002888                divmod_u64u64_savestate
                0x100028a8                divmod_s64s64_unsafe
                0x10002930                divmod_u64u64_unsafe
 .text.__wrap___aeabi_darithmetic
                0x10002c6c       0x60 CMakeFiles/conversorAD.dir/C_/Users/paola/.pico-sdk/sdk/2.1.0/src/rp2_common/pico_double/double_aeabi_rp2040.S.obj
                0x10002c6c                __wrap___aeabi_drsub
                0x10002c72                __wrap___aeabi_dsub
                0x10002c7c                __wrap___aeabi_dadd
                0x10002c86                __wrap___aeabi_ddiv
                0x10002cba                __wrap___aeabi_dmul
 .text.__wrap___aeabi_cdcmple
                0x10002ccc       0x6c CMakeFiles/conversorAD.dir/C_/Users/paola/.pico-sdk/sdk/2.1.0/src/rp2_common/pico_double/double_aeabi_rp2040.S.obj
                0x10002ccc                __wrap___aeabi_cdrcmple
                0x10002cdc                __wrap___aeabi_cdcmpeq
                0x10002cdc                __wrap___aeabi_cdcmple
 .text.__wrap___aeabi_dcmplt
                0x10002d38        0xc CMakeFiles/conversorAD.dir/C_/Users/paola/.pico-sdk/sdk/2.1.0/src/rp2_common/pico_double/double_aeabi_rp2040.S.obj
                0x10002d38                __wrap___aeabi_dcmplt
 .text.__wrap___aeabi_dcmpge
                0x10002d44       0x10 CMakeFiles/conversorAD.dir/C_/Users/paola/.pico-sdk/sdk/2.1.0/src/rp2_common/pico_double/double_aeabi_rp2040.S.obj
                0x10002d44                __wrap___aeabi_dcmpge
 .text.__wrap___aeabi_dcmpgt
                0x10002d54        0xa CMakeFiles/conversorAD.dir/C_/Users/paola/.pico-sdk/sdk/2.1.0/src/rp2_common/pico_double/double_aeabi_rp2040.S.obj
                0x10002d54                __wrap___aeabi_dcmpgt
 .text.__wrap___aeabi_dcmpun
                0x10002d5e       0x18 CMakeFiles/conversorAD.dir/C_/Users/paola/.pico-sdk/sdk/2.1.0/src/rp2_common/pico_double/double_aeabi_rp2040.S.obj
                0x10002d5e                __wrap___aeabi_dcmpun
 *fill*         0x10002d76        0x2 
 .text.__wrap___aeabi_i2d
                0x10002d78       0x38 CMakeFiles/conversorAD.dir/C_/Users/paola/.pico-sdk/sdk/2.1.0/src/rp2_common/pico_double/double_aeabi_rp2040.S.obj
                0x10002d78                __wrap___aeabi_ui2d
                0x10002d80                __wrap___aeabi_i2d
 .text.__wrap___aeabi_d2iz
                0x10002db0       0x48 CMakeFiles/conversorAD.dir/C_/Users/paola/.pico-sdk/sdk/2.1.0/src/rp2_common/pico_double/double_aeabi_rp2040.S.obj
                0x10002db0                double2int_z
                0x10002db0                __wrap___aeabi_d2iz
 .text.__wrap___aeabi_d2uiz
                0x10002df8       0x10 CMakeFiles/conversorAD.dir/C_/Users/paola/.pico-sdk/sdk/2.1.0/src/rp2_common/pico_double/double_aeabi_rp2040.S.obj
                0x10002df8                __wrap___aeabi_d2uiz
                0x10002df8                double2uint
 .text.missing_double_func_shim
                0x10002e08        0xc CMakeFiles/conversorAD.dir/C_/Users/paola/.pico-sdk/sdk/2.1.0/src/rp2_common/pico_double/double_init_rom_rp2040.c.obj
 .text.__aeabi_double_init
                0x10002e14       0xa0 CMakeFiles/conversorAD.dir/C_/Users/paola/.pico-sdk/sdk/2.1.0/src/rp2_common/pico_double/double_init_rom_rp2040.c.obj
                0x10002e14                __aeabi_double_init
 .text.double_table_shim_on_use_helper
                0x10002eb4       0x2c CMakeFiles/conversorAD.dir/C_/Users/paola/.pico-sdk/sdk/2.1.0/src/rp2_common/pico_double/double_v1_rom_shim_rp2040.S.obj
                0x10002eb4                double_table_shim_on_use_helper
 .text.__aeabi_lmul
                0x10002ee0       0x32 CMakeFiles/conversorAD.dir/C_/Users/paola/.pico-sdk/sdk/2.1.0/src/rp2_common/pico_int64_ops/pico_int64_ops_aeabi.S.obj
                0x10002ee0                __wrap___aeabi_lmul
 *fill*         0x10002f12        0x2 
 .text.missing_float_func_shim
                0x10002f14        0xc CMakeFiles/conversorAD.dir/C_/Users/paola/.pico-sdk/sdk/2.1.0/src/rp2_common/pico_float/float_init_rom_rp2040.c.obj
 .text.__aeabi_float_init
                0x10002f20       0x5c CMakeFiles/conversorAD.dir/C_/Users/paola/.pico-sdk/sdk/2.1.0/src/rp2_common/pico_float/float_init_rom_rp2040.c.obj
                0x10002f20                __aeabi_float_init
 .text.__wrap_calloc
                0x10002f7c       0x28 CMakeFiles/conversorAD.dir/C_/Users/paola/.pico-sdk/sdk/2.1.0/src/rp2_common/pico_malloc/malloc.c.obj
                0x10002f7c                __wrap_calloc
 .text          0x10002fa4       0x10 CMakeFiles/conversorAD.dir/C_/Users/paola/.pico-sdk/sdk/2.1.0/src/rp2_common/pico_mem_ops/mem_ops_aeabi.S.obj
                0x10002fa4                __aeabi_mem_init
 .text.memset   0x10002fb4        0xc CMakeFiles/conversorAD.dir/C_/Users/paola/.pico-sdk/sdk/2.1.0/src/rp2_common/pico_mem_ops/mem_ops_aeabi.S.obj
                0x10002fb4                __wrap_memset
 .text.memcpy   0x10002fc0        0xc CMakeFiles/conversorAD.dir/C_/Users/paola/.pico-sdk/sdk/2.1.0/src/rp2_common/pico_mem_ops/mem_ops_aeabi.S.obj
                0x10002fc0                __wrap_memcpy
                0x10002fc0                __wrap___aeabi_memcpy
 .text._out_buffer
                0x10002fcc        0x8 CMakeFiles/conversorAD.dir/C_/Users/paola/.pico-sdk/sdk/2.1.0/src/rp2_common/pico_printf/printf.c.obj
 .text._out_null
                0x10002fd4        0x4 CMakeFiles/conversorAD.dir/C_/Users/paola/.pico-sdk/sdk/2.1.0/src/rp2_common/pico_printf/printf.c.obj
 .text._out_rev
                0x10002fd8       0xac CMakeFiles/conversorAD.dir/C_/Users/paola/.pico-sdk/sdk/2.1.0/src/rp2_common/pico_printf/printf.c.obj
 .text._ntoa_format
                0x10003084      0x250 CMakeFiles/conversorAD.dir/C_/Users/paola/.pico-sdk/sdk/2.1.0/src/rp2_common/pico_printf/printf.c.obj
 .text._out_char
                0x100032d4       0x10 CMakeFiles/conversorAD.dir/C_/Users/paola/.pico-sdk/sdk/2.1.0/src/rp2_common/pico_printf/printf.c.obj
 .text._etoa    0x100032e4      0x464 CMakeFiles/conversorAD.dir/C_/Users/paola/.pico-sdk/sdk/2.1.0/src/rp2_common/pico_printf/printf.c.obj
 .text._ftoa    0x10003748      0x3c0 CMakeFiles/conversorAD.dir/C_/Users/paola/.pico-sdk/sdk/2.1.0/src/rp2_common/pico_printf/printf.c.obj
 .text._vsnprintf
                0x10003b08      0xbc8 CMakeFiles/conversorAD.dir/C_/Users/paola/.pico-sdk/sdk/2.1.0/src/rp2_common/pico_printf/printf.c.obj
 .text.__wrap_sprintf
                0x100046d0       0x2c CMakeFiles/conversorAD.dir/C_/Users/paola/.pico-sdk/sdk/2.1.0/src/rp2_common/pico_printf/printf.c.obj
                0x100046d0                __wrap_sprintf
 .text.weak_raw_vprintf
                0x100046fc       0x30 CMakeFiles/conversorAD.dir/C_/Users/paola/.pico-sdk/sdk/2.1.0/src/rp2_common/pico_printf/printf.c.obj
                0x100046fc                weak_raw_vprintf
 .text._exit    0x1000472c        0x4 CMakeFiles/conversorAD.dir/C_/Users/paola/.pico-sdk/sdk/2.1.0/src/rp2_common/pico_clib_interface/newlib_interface.c.obj
                0x1000472c                _exit
 .text._sbrk    0x10004730       0x34 CMakeFiles/conversorAD.dir/C_/Users/paola/.pico-sdk/sdk/2.1.0/src/rp2_common/pico_clib_interface/newlib_interface.c.obj
                0x10004730                _sbrk
 .text.exit     0x10004764        0x8 CMakeFiles/conversorAD.dir/C_/Users/paola/.pico-sdk/sdk/2.1.0/src/rp2_common/pico_clib_interface/newlib_interface.c.obj
                0x10004764                exit
 .text.runtime_init
                0x1000476c       0x2c CMakeFiles/conversorAD.dir/C_/Users/paola/.pico-sdk/sdk/2.1.0/src/rp2_common/pico_clib_interface/newlib_interface.c.obj
                0x1000476c                runtime_init
 .text.stdio_out_chars_no_crlf
                0x10004798       0x10 CMakeFiles/conversorAD.dir/C_/Users/paola/.pico-sdk/sdk/2.1.0/src/rp2_common/pico_stdio/stdio.c.obj
 .text.stdio_out_chars_crlf
                0x100047a8       0x94 CMakeFiles/conversorAD.dir/C_/Users/paola/.pico-sdk/sdk/2.1.0/src/rp2_common/pico_stdio/stdio.c.obj
 .text.stdio_put_string
                0x1000483c      0x100 CMakeFiles/conversorAD.dir/C_/Users/paola/.pico-sdk/sdk/2.1.0/src/rp2_common/pico_stdio/stdio.c.obj
                0x1000483c                stdio_put_string
 .text.stdio_set_driver_enabled
                0x1000493c       0x30 CMakeFiles/conversorAD.dir/C_/Users/paola/.pico-sdk/sdk/2.1.0/src/rp2_common/pico_stdio/stdio.c.obj
                0x1000493c                stdio_set_driver_enabled
 .text.stdio_init_all
                0x1000496c        0x8 CMakeFiles/conversorAD.dir/C_/Users/paola/.pico-sdk/sdk/2.1.0/src/rp2_common/pico_stdio/stdio.c.obj
                0x1000496c                stdio_init_all
 .text.__wrap_putchar
                0x10004974       0x98 CMakeFiles/conversorAD.dir/C_/Users/paola/.pico-sdk/sdk/2.1.0/src/rp2_common/pico_stdio/stdio.c.obj
                0x10004974                __wrap_putchar
                0x10004974                stdio_putchar
 .text.__wrap_puts
                0x10004a0c       0x3c CMakeFiles/conversorAD.dir/C_/Users/paola/.pico-sdk/sdk/2.1.0/src/rp2_common/pico_stdio/stdio.c.obj
                0x10004a0c                stdio_puts
                0x10004a0c                __wrap_puts
 .text.resetd_init
                0x10004a48        0x4 CMakeFiles/conversorAD.dir/C_/Users/paola/.pico-sdk/sdk/2.1.0/src/rp2_common/pico_stdio_usb/reset_interface.c.obj
 .text.resetd_reset
                0x10004a4c        0xc CMakeFiles/conversorAD.dir/C_/Users/paola/.pico-sdk/sdk/2.1.0/src/rp2_common/pico_stdio_usb/reset_interface.c.obj
 .text.resetd_open
                0x10004a58       0x28 CMakeFiles/conversorAD.dir/C_/Users/paola/.pico-sdk/sdk/2.1.0/src/rp2_common/pico_stdio_usb/reset_interface.c.obj
 .text.resetd_xfer_cb
                0x10004a80        0x4 CMakeFiles/conversorAD.dir/C_/Users/paola/.pico-sdk/sdk/2.1.0/src/rp2_common/pico_stdio_usb/reset_interface.c.obj
 .text.resetd_control_xfer_cb
                0x10004a84       0x5c CMakeFiles/conversorAD.dir/C_/Users/paola/.pico-sdk/sdk/2.1.0/src/rp2_common/pico_stdio_usb/reset_interface.c.obj
 .text.tud_descriptor_bos_cb
                0x10004ae0        0x8 CMakeFiles/conversorAD.dir/C_/Users/paola/.pico-sdk/sdk/2.1.0/src/rp2_common/pico_stdio_usb/reset_interface.c.obj
                0x10004ae0                tud_descriptor_bos_cb
 .text.tud_vendor_control_xfer_cb
                0x10004ae8       0x34 CMakeFiles/conversorAD.dir/C_/Users/paola/.pico-sdk/sdk/2.1.0/src/rp2_common/pico_stdio_usb/reset_interface.c.obj
                0x10004ae8                tud_vendor_control_xfer_cb
 .text.usbd_app_driver_get_cb
                0x10004b1c        0xc CMakeFiles/conversorAD.dir/C_/Users/paola/.pico-sdk/sdk/2.1.0/src/rp2_common/pico_stdio_usb/reset_interface.c.obj
                0x10004b1c                usbd_app_driver_get_cb
 .text.tud_cdc_line_coding_cb
                0x10004b28       0x2c CMakeFiles/conversorAD.dir/C_/Users/paola/.pico-sdk/sdk/2.1.0/src/rp2_common/pico_stdio_usb/reset_interface.c.obj
                0x10004b28                tud_cdc_line_coding_cb
 .text.stdio_usb_set_chars_available_callback
                0x10004b54       0x14 CMakeFiles/conversorAD.dir/C_/Users/paola/.pico-sdk/sdk/2.1.0/src/rp2_common/pico_stdio_usb/stdio_usb.c.obj
                0x10004b54                stdio_usb_set_chars_available_callback
 .text.usb_irq  0x10004b68       0x10 CMakeFiles/conversorAD.dir/C_/Users/paola/.pico-sdk/sdk/2.1.0/src/rp2_common/pico_stdio_usb/stdio_usb.c.obj
 .text.timer_task
                0x10004b78       0x64 CMakeFiles/conversorAD.dir/C_/Users/paola/.pico-sdk/sdk/2.1.0/src/rp2_common/pico_stdio_usb/stdio_usb.c.obj
 .text.stdio_usb_in_chars
                0x10004bdc       0x90 CMakeFiles/conversorAD.dir/C_/Users/paola/.pico-sdk/sdk/2.1.0/src/rp2_common/pico_stdio_usb/stdio_usb.c.obj
                0x10004bdc                stdio_usb_in_chars
 .text.stdio_usb_out_flush
                0x10004c6c       0x50 CMakeFiles/conversorAD.dir/C_/Users/paola/.pico-sdk/sdk/2.1.0/src/rp2_common/pico_stdio_usb/stdio_usb.c.obj
 .text.stdio_usb_out_chars
                0x10004cbc      0x104 CMakeFiles/conversorAD.dir/C_/Users/paola/.pico-sdk/sdk/2.1.0/src/rp2_common/pico_stdio_usb/stdio_usb.c.obj
 .text.low_priority_worker_irq
                0x10004dc0       0xcc CMakeFiles/conversorAD.dir/C_/Users/paola/.pico-sdk/sdk/2.1.0/src/rp2_common/pico_stdio_usb/stdio_usb.c.obj
 .text.stdio_usb_init
                0x10004e8c       0xe8 CMakeFiles/conversorAD.dir/C_/Users/paola/.pico-sdk/sdk/2.1.0/src/rp2_common/pico_stdio_usb/stdio_usb.c.obj
                0x10004e8c                stdio_usb_init
 .text.tud_descriptor_device_cb
                0x10004f74        0x8 CMakeFiles/conversorAD.dir/C_/Users/paola/.pico-sdk/sdk/2.1.0/src/rp2_common/pico_stdio_usb/stdio_usb_descriptors.c.obj
                0x10004f74                tud_descriptor_device_cb
 .text.tud_descriptor_configuration_cb
                0x10004f7c        0x8 CMakeFiles/conversorAD.dir/C_/Users/paola/.pico-sdk/sdk/2.1.0/src/rp2_common/pico_stdio_usb/stdio_usb_descriptors.c.obj
                0x10004f7c                tud_descriptor_configuration_cb
 .text.tud_descriptor_string_cb
                0x10004f84       0x78 CMakeFiles/conversorAD.dir/C_/Users/paola/.pico-sdk/sdk/2.1.0/src/rp2_common/pico_stdio_usb/stdio_usb_descriptors.c.obj
                0x10004f84                tud_descriptor_string_cb
 .text.startup._retrieve_unique_id_on_boot
                0x10004ffc       0x10 CMakeFiles/conversorAD.dir/C_/Users/paola/.pico-sdk/sdk/2.1.0/src/rp2_common/pico_unique_id/unique_id.c.obj
 .text.pico_get_unique_board_id_string
                0x1000500c      0x1a8 CMakeFiles/conversorAD.dir/C_/Users/paola/.pico-sdk/sdk/2.1.0/src/rp2_common/pico_unique_id/unique_id.c.obj
                0x1000500c                pico_get_unique_board_id_string
 .text.flash_get_unique_id
                0x100051b4       0x3c CMakeFiles/conversorAD.dir/C_/Users/paola/.pico-sdk/sdk/2.1.0/src/rp2_common/hardware_flash/flash.c.obj
                0x100051b4                flash_get_unique_id
 .text.dcd_init
                0x100051f0       0x8c CMakeFiles/conversorAD.dir/C_/Users/paola/.pico-sdk/sdk/2.1.0/lib/tinyusb/src/portable/raspberrypi/rp2040/dcd_rp2040.c.obj
                0x100051f0                dcd_init
 .text.dcd_int_enable
                0x1000527c        0xc CMakeFiles/conversorAD.dir/C_/Users/paola/.pico-sdk/sdk/2.1.0/lib/tinyusb/src/portable/raspberrypi/rp2040/dcd_rp2040.c.obj
                0x1000527c                dcd_int_enable
 .text.dcd_set_address
                0x10005288       0x14 CMakeFiles/conversorAD.dir/C_/Users/paola/.pico-sdk/sdk/2.1.0/lib/tinyusb/src/portable/raspberrypi/rp2040/dcd_rp2040.c.obj
                0x10005288                dcd_set_address
 .text.dcd_sof_enable
                0x1000529c       0x1c CMakeFiles/conversorAD.dir/C_/Users/paola/.pico-sdk/sdk/2.1.0/lib/tinyusb/src/portable/raspberrypi/rp2040/dcd_rp2040.c.obj
                0x1000529c                dcd_sof_enable
 .text.dcd_edpt0_status_complete
                0x100052b8       0x1c CMakeFiles/conversorAD.dir/C_/Users/paola/.pico-sdk/sdk/2.1.0/lib/tinyusb/src/portable/raspberrypi/rp2040/dcd_rp2040.c.obj
                0x100052b8                dcd_edpt0_status_complete
 .text.dcd_edpt_open
                0x100052d4      0x108 CMakeFiles/conversorAD.dir/C_/Users/paola/.pico-sdk/sdk/2.1.0/lib/tinyusb/src/portable/raspberrypi/rp2040/dcd_rp2040.c.obj
                0x100052d4                dcd_edpt_open
 .text.dcd_edpt_close_all
                0x100053dc        0x8 CMakeFiles/conversorAD.dir/C_/Users/paola/.pico-sdk/sdk/2.1.0/lib/tinyusb/src/portable/raspberrypi/rp2040/dcd_rp2040.c.obj
                0x100053dc                dcd_edpt_close_all
 .text.dcd_edpt_xfer
                0x100053e4       0x24 CMakeFiles/conversorAD.dir/C_/Users/paola/.pico-sdk/sdk/2.1.0/lib/tinyusb/src/portable/raspberrypi/rp2040/dcd_rp2040.c.obj
                0x100053e4                dcd_edpt_xfer
 .text.dcd_edpt_stall
                0x10005408       0x34 CMakeFiles/conversorAD.dir/C_/Users/paola/.pico-sdk/sdk/2.1.0/lib/tinyusb/src/portable/raspberrypi/rp2040/dcd_rp2040.c.obj
                0x10005408                dcd_edpt_stall
 .text.dcd_edpt_clear_stall
                0x1000543c       0x30 CMakeFiles/conversorAD.dir/C_/Users/paola/.pico-sdk/sdk/2.1.0/lib/tinyusb/src/portable/raspberrypi/rp2040/dcd_rp2040.c.obj
                0x1000543c                dcd_edpt_clear_stall
 .text.rp2040_usb_init
                0x1000546c       0x40 CMakeFiles/conversorAD.dir/C_/Users/paola/.pico-sdk/sdk/2.1.0/lib/tinyusb/src/portable/raspberrypi/rp2040/rp2040_usb.c.obj
                0x1000546c                rp2040_usb_init
 .text.hw_endpoint_xfer_start
                0x100054ac       0x40 CMakeFiles/conversorAD.dir/C_/Users/paola/.pico-sdk/sdk/2.1.0/lib/tinyusb/src/portable/raspberrypi/rp2040/rp2040_usb.c.obj
                0x100054ac                hw_endpoint_xfer_start
 .text.tud_event_hook_cb
                0x100054ec        0x4 CMakeFiles/conversorAD.dir/C_/Users/paola/.pico-sdk/sdk/2.1.0/lib/tinyusb/src/device/usbd.c.obj
                0x100054ec                tud_event_hook_cb
 .text.tud_sof_cb
                0x100054f0        0x4 CMakeFiles/conversorAD.dir/C_/Users/paola/.pico-sdk/sdk/2.1.0/lib/tinyusb/src/device/usbd.c.obj
                0x100054f0                tud_sof_cb
 .text.tud_descriptor_device_qualifier_cb
                0x100054f4        0x4 CMakeFiles/conversorAD.dir/C_/Users/paola/.pico-sdk/sdk/2.1.0/lib/tinyusb/src/device/usbd.c.obj
                0x100054f4                tud_descriptor_device_qualifier_cb
 .text.tud_descriptor_other_speed_configuration_cb
                0x100054f8        0x4 CMakeFiles/conversorAD.dir/C_/Users/paola/.pico-sdk/sdk/2.1.0/lib/tinyusb/src/device/usbd.c.obj
                0x100054f8                tud_descriptor_other_speed_configuration_cb
 .text.tud_mount_cb
                0x100054fc        0x4 CMakeFiles/conversorAD.dir/C_/Users/paola/.pico-sdk/sdk/2.1.0/lib/tinyusb/src/device/usbd.c.obj
                0x100054fc                tud_mount_cb
 .text.tud_umount_cb
                0x10005500        0x4 CMakeFiles/conversorAD.dir/C_/Users/paola/.pico-sdk/sdk/2.1.0/lib/tinyusb/src/device/usbd.c.obj
                0x10005500                tud_umount_cb
 .text.tud_suspend_cb
                0x10005504        0x4 CMakeFiles/conversorAD.dir/C_/Users/paola/.pico-sdk/sdk/2.1.0/lib/tinyusb/src/device/usbd.c.obj
                0x10005504                tud_suspend_cb
 .text.tud_resume_cb
                0x10005508        0x4 CMakeFiles/conversorAD.dir/C_/Users/paola/.pico-sdk/sdk/2.1.0/lib/tinyusb/src/device/usbd.c.obj
                0x10005508                tud_resume_cb
 .text.tud_mounted
                0x1000550c       0x10 CMakeFiles/conversorAD.dir/C_/Users/paola/.pico-sdk/sdk/2.1.0/lib/tinyusb/src/device/usbd.c.obj
                0x1000550c                tud_mounted
 .text.tud_suspended
                0x1000551c       0x10 CMakeFiles/conversorAD.dir/C_/Users/paola/.pico-sdk/sdk/2.1.0/lib/tinyusb/src/device/usbd.c.obj
                0x1000551c                tud_suspended
 .text.tud_init
                0x1000552c       0xe4 CMakeFiles/conversorAD.dir/C_/Users/paola/.pico-sdk/sdk/2.1.0/lib/tinyusb/src/device/usbd.c.obj
                0x1000552c                tud_init
 .text.tud_task_ext
                0x10005610      0x800 CMakeFiles/conversorAD.dir/C_/Users/paola/.pico-sdk/sdk/2.1.0/lib/tinyusb/src/device/usbd.c.obj
                0x10005610                tud_task_ext
 .text.usbd_open_edpt_pair
                0x10005e10       0x9c CMakeFiles/conversorAD.dir/C_/Users/paola/.pico-sdk/sdk/2.1.0/lib/tinyusb/src/device/usbd.c.obj
                0x10005e10                usbd_open_edpt_pair
 .text.usbd_edpt_open
                0x10005eac       0x34 CMakeFiles/conversorAD.dir/C_/Users/paola/.pico-sdk/sdk/2.1.0/lib/tinyusb/src/device/usbd.c.obj
                0x10005eac                usbd_edpt_open
 .text.usbd_edpt_claim
                0x10005ee0       0x28 CMakeFiles/conversorAD.dir/C_/Users/paola/.pico-sdk/sdk/2.1.0/lib/tinyusb/src/device/usbd.c.obj
                0x10005ee0                usbd_edpt_claim
 .text.usbd_edpt_release
                0x10005f08       0x28 CMakeFiles/conversorAD.dir/C_/Users/paola/.pico-sdk/sdk/2.1.0/lib/tinyusb/src/device/usbd.c.obj
                0x10005f08                usbd_edpt_release
 .text.usbd_edpt_xfer
                0x10005f30       0x4c CMakeFiles/conversorAD.dir/C_/Users/paola/.pico-sdk/sdk/2.1.0/lib/tinyusb/src/device/usbd.c.obj
                0x10005f30                usbd_edpt_xfer
 .text.tud_control_status
                0x10005f7c       0x2c CMakeFiles/conversorAD.dir/C_/Users/paola/.pico-sdk/sdk/2.1.0/lib/tinyusb/src/device/usbd_control.c.obj
                0x10005f7c                tud_control_status
 .text.tud_control_xfer
                0x10005fa8       0xac CMakeFiles/conversorAD.dir/C_/Users/paola/.pico-sdk/sdk/2.1.0/lib/tinyusb/src/device/usbd_control.c.obj
                0x10005fa8                tud_control_xfer
 .text.usbd_control_reset
                0x10006054       0x14 CMakeFiles/conversorAD.dir/C_/Users/paola/.pico-sdk/sdk/2.1.0/lib/tinyusb/src/device/usbd_control.c.obj
                0x10006054                usbd_control_reset
 .text.usbd_control_set_complete_callback
                0x10006068        0xc CMakeFiles/conversorAD.dir/C_/Users/paola/.pico-sdk/sdk/2.1.0/lib/tinyusb/src/device/usbd_control.c.obj
                0x10006068                usbd_control_set_complete_callback
 .text.usbd_control_set_request
                0x10006074       0x1c CMakeFiles/conversorAD.dir/C_/Users/paola/.pico-sdk/sdk/2.1.0/lib/tinyusb/src/device/usbd_control.c.obj
                0x10006074                usbd_control_set_request
 .text.usbd_control_xfer_cb
                0x10006090       0xec CMakeFiles/conversorAD.dir/C_/Users/paola/.pico-sdk/sdk/2.1.0/lib/tinyusb/src/device/usbd_control.c.obj
                0x10006090                usbd_control_xfer_cb
 .text._prep_out_transaction.isra.0
                0x1000617c       0x5c CMakeFiles/conversorAD.dir/C_/Users/paola/.pico-sdk/sdk/2.1.0/lib/tinyusb/src/class/cdc/cdc_device.c.obj
 .text.tud_cdc_n_connected
                0x100061d8       0x30 CMakeFiles/conversorAD.dir/C_/Users/paola/.pico-sdk/sdk/2.1.0/lib/tinyusb/src/class/cdc/cdc_device.c.obj
                0x100061d8                tud_cdc_n_connected
 .text.tud_cdc_n_available
                0x10006208       0x18 CMakeFiles/conversorAD.dir/C_/Users/paola/.pico-sdk/sdk/2.1.0/lib/tinyusb/src/class/cdc/cdc_device.c.obj
                0x10006208                tud_cdc_n_available
 .text.tud_cdc_n_read
                0x10006220       0x98 CMakeFiles/conversorAD.dir/C_/Users/paola/.pico-sdk/sdk/2.1.0/lib/tinyusb/src/class/cdc/cdc_device.c.obj
                0x10006220                tud_cdc_n_read
 .text.tud_cdc_n_write_flush
                0x100062b8       0x78 CMakeFiles/conversorAD.dir/C_/Users/paola/.pico-sdk/sdk/2.1.0/lib/tinyusb/src/class/cdc/cdc_device.c.obj
                0x100062b8                tud_cdc_n_write_flush
 .text.tud_cdc_n_write
                0x10006330       0x40 CMakeFiles/conversorAD.dir/C_/Users/paola/.pico-sdk/sdk/2.1.0/lib/tinyusb/src/class/cdc/cdc_device.c.obj
                0x10006330                tud_cdc_n_write
 .text.tud_cdc_n_write_available
                0x10006370       0x18 CMakeFiles/conversorAD.dir/C_/Users/paola/.pico-sdk/sdk/2.1.0/lib/tinyusb/src/class/cdc/cdc_device.c.obj
                0x10006370                tud_cdc_n_write_available
 .text.cdcd_init
                0x10006388       0x7c CMakeFiles/conversorAD.dir/C_/Users/paola/.pico-sdk/sdk/2.1.0/lib/tinyusb/src/class/cdc/cdc_device.c.obj
                0x10006388                cdcd_init
 .text.cdcd_deinit
                0x10006404       0x34 CMakeFiles/conversorAD.dir/C_/Users/paola/.pico-sdk/sdk/2.1.0/lib/tinyusb/src/class/cdc/cdc_device.c.obj
                0x10006404                cdcd_deinit
 .text.cdcd_reset
                0x10006438       0x4c CMakeFiles/conversorAD.dir/C_/Users/paola/.pico-sdk/sdk/2.1.0/lib/tinyusb/src/class/cdc/cdc_device.c.obj
                0x10006438                cdcd_reset
 .text.cdcd_open
                0x10006484       0xb0 CMakeFiles/conversorAD.dir/C_/Users/paola/.pico-sdk/sdk/2.1.0/lib/tinyusb/src/class/cdc/cdc_device.c.obj
                0x10006484                cdcd_open
 .text.cdcd_control_xfer_cb
                0x10006534       0xe4 CMakeFiles/conversorAD.dir/C_/Users/paola/.pico-sdk/sdk/2.1.0/lib/tinyusb/src/class/cdc/cdc_device.c.obj
                0x10006534                cdcd_control_xfer_cb
 .text.cdcd_xfer_cb
                0x10006618      0x100 CMakeFiles/conversorAD.dir/C_/Users/paola/.pico-sdk/sdk/2.1.0/lib/tinyusb/src/class/cdc/cdc_device.c.obj
                0x10006618                cdcd_xfer_cb
 .text.vendord_init
                0x10006718       0x5c CMakeFiles/conversorAD.dir/C_/Users/paola/.pico-sdk/sdk/2.1.0/lib/tinyusb/src/class/vendor/vendor_device.c.obj
                0x10006718                vendord_init
 .text.vendord_deinit
                0x10006774       0x1c CMakeFiles/conversorAD.dir/C_/Users/paola/.pico-sdk/sdk/2.1.0/lib/tinyusb/src/class/vendor/vendor_device.c.obj
                0x10006774                vendord_deinit
 .text.vendord_reset
                0x10006790       0x20 CMakeFiles/conversorAD.dir/C_/Users/paola/.pico-sdk/sdk/2.1.0/lib/tinyusb/src/class/vendor/vendor_device.c.obj
                0x10006790                vendord_reset
 .text.vendord_open
                0x100067b0      0x138 CMakeFiles/conversorAD.dir/C_/Users/paola/.pico-sdk/sdk/2.1.0/lib/tinyusb/src/class/vendor/vendor_device.c.obj
                0x100067b0                vendord_open
 .text.vendord_xfer_cb
                0x100068e8       0x9c CMakeFiles/conversorAD.dir/C_/Users/paola/.pico-sdk/sdk/2.1.0/lib/tinyusb/src/class/vendor/vendor_device.c.obj
                0x100068e8                vendord_xfer_cb
 .text.tusb_init
                0x10006984        0xc CMakeFiles/conversorAD.dir/C_/Users/paola/.pico-sdk/sdk/2.1.0/lib/tinyusb/src/tusb.c.obj
                0x10006984                tusb_init
 .text.tu_edpt_claim
                0x10006990       0x50 CMakeFiles/conversorAD.dir/C_/Users/paola/.pico-sdk/sdk/2.1.0/lib/tinyusb/src/tusb.c.obj
                0x10006990                tu_edpt_claim
 .text.tu_edpt_release
                0x100069e0       0x38 CMakeFiles/conversorAD.dir/C_/Users/paola/.pico-sdk/sdk/2.1.0/lib/tinyusb/src/tusb.c.obj
                0x100069e0                tu_edpt_release
 .text.tu_edpt_validate
                0x10006a18       0x7c CMakeFiles/conversorAD.dir/C_/Users/paola/.pico-sdk/sdk/2.1.0/lib/tinyusb/src/tusb.c.obj
                0x10006a18                tu_edpt_validate
 .text.tu_edpt_bind_driver
                0x10006a94       0x34 CMakeFiles/conversorAD.dir/C_/Users/paola/.pico-sdk/sdk/2.1.0/lib/tinyusb/src/tusb.c.obj
                0x10006a94                tu_edpt_bind_driver
 .text.tu_edpt_stream_init
                0x10006ac8       0x6c CMakeFiles/conversorAD.dir/C_/Users/paola/.pico-sdk/sdk/2.1.0/lib/tinyusb/src/tusb.c.obj
                0x10006ac8                tu_edpt_stream_init
 .text.tu_edpt_stream_deinit
                0x10006b34        0x4 CMakeFiles/conversorAD.dir/C_/Users/paola/.pico-sdk/sdk/2.1.0/lib/tinyusb/src/tusb.c.obj
                0x10006b34                tu_edpt_stream_deinit
 .text.tu_edpt_stream_write_zlp_if_needed
                0x10006b38       0x68 CMakeFiles/conversorAD.dir/C_/Users/paola/.pico-sdk/sdk/2.1.0/lib/tinyusb/src/tusb.c.obj
                0x10006b38                tu_edpt_stream_write_zlp_if_needed
 .text.tu_edpt_stream_write_xfer
                0x10006ba0       0x64 CMakeFiles/conversorAD.dir/C_/Users/paola/.pico-sdk/sdk/2.1.0/lib/tinyusb/src/tusb.c.obj
                0x10006ba0                tu_edpt_stream_write_xfer
 .text.tu_edpt_stream_read_xfer
                0x10006c04       0xdc CMakeFiles/conversorAD.dir/C_/Users/paola/.pico-sdk/sdk/2.1.0/lib/tinyusb/src/tusb.c.obj
                0x10006c04                tu_edpt_stream_read_xfer
 .text.tu_fifo_config
                0x10006ce0       0x6c CMakeFiles/conversorAD.dir/C_/Users/paola/.pico-sdk/sdk/2.1.0/lib/tinyusb/src/common/tusb_fifo.c.obj
                0x10006ce0                tu_fifo_config
 .text.tu_fifo_count
                0x10006d4c       0x2c CMakeFiles/conversorAD.dir/C_/Users/paola/.pico-sdk/sdk/2.1.0/lib/tinyusb/src/common/tusb_fifo.c.obj
                0x10006d4c                tu_fifo_count
 .text.tu_fifo_empty
                0x10006d78       0x10 CMakeFiles/conversorAD.dir/C_/Users/paola/.pico-sdk/sdk/2.1.0/lib/tinyusb/src/common/tusb_fifo.c.obj
                0x10006d78                tu_fifo_empty
 .text.tu_fifo_remaining
                0x10006d88       0x2c CMakeFiles/conversorAD.dir/C_/Users/paola/.pico-sdk/sdk/2.1.0/lib/tinyusb/src/common/tusb_fifo.c.obj
                0x10006d88                tu_fifo_remaining
 .text.tu_fifo_read
                0x10006db4       0x9c CMakeFiles/conversorAD.dir/C_/Users/paola/.pico-sdk/sdk/2.1.0/lib/tinyusb/src/common/tusb_fifo.c.obj
                0x10006db4                tu_fifo_read
 .text.tu_fifo_read_n
                0x10006e50       0xe8 CMakeFiles/conversorAD.dir/C_/Users/paola/.pico-sdk/sdk/2.1.0/lib/tinyusb/src/common/tusb_fifo.c.obj
                0x10006e50                tu_fifo_read_n
 .text.tu_fifo_write
                0x10006f38       0xa8 CMakeFiles/conversorAD.dir/C_/Users/paola/.pico-sdk/sdk/2.1.0/lib/tinyusb/src/common/tusb_fifo.c.obj
                0x10006f38                tu_fifo_write
 .text.tu_fifo_write_n
                0x10006fe0      0x178 CMakeFiles/conversorAD.dir/C_/Users/paola/.pico-sdk/sdk/2.1.0/lib/tinyusb/src/common/tusb_fifo.c.obj
                0x10006fe0                tu_fifo_write_n
 .text.tu_fifo_clear
                0x10007158       0x40 CMakeFiles/conversorAD.dir/C_/Users/paola/.pico-sdk/sdk/2.1.0/lib/tinyusb/src/common/tusb_fifo.c.obj
                0x10007158                tu_fifo_clear
 .text.tu_fifo_set_overwritable
                0x10007198       0x48 CMakeFiles/conversorAD.dir/C_/Users/paola/.pico-sdk/sdk/2.1.0/lib/tinyusb/src/common/tusb_fifo.c.obj
                0x10007198                tu_fifo_set_overwritable
 .text.adc_init
                0x100071e0       0x38 CMakeFiles/conversorAD.dir/C_/Users/paola/.pico-sdk/sdk/2.1.0/src/rp2_common/hardware_adc/adc.c.obj
                0x100071e0                adc_init
 .text.i2c_write_blocking_internal.constprop.0
                0x10007218       0xd0 CMakeFiles/conversorAD.dir/C_/Users/paola/.pico-sdk/sdk/2.1.0/src/rp2_common/hardware_i2c/i2c.c.obj
 .text.i2c_set_baudrate
                0x100072e8       0xc0 CMakeFiles/conversorAD.dir/C_/Users/paola/.pico-sdk/sdk/2.1.0/src/rp2_common/hardware_i2c/i2c.c.obj
                0x100072e8                i2c_set_baudrate
 .text.i2c_init
                0x100073a8       0x50 CMakeFiles/conversorAD.dir/C_/Users/paola/.pico-sdk/sdk/2.1.0/src/rp2_common/hardware_i2c/i2c.c.obj
                0x100073a8                i2c_init
 .text.i2c_write_blocking
                0x100073f8       0x14 CMakeFiles/conversorAD.dir/C_/Users/paola/.pico-sdk/sdk/2.1.0/src/rp2_common/hardware_i2c/i2c.c.obj
                0x100073f8                i2c_write_blocking
 .text.calloc   0x1000740c       0x18 C:/Users/paola/.pico-sdk/toolchain/13_3_Rel1/bin/../lib/gcc/arm-none-eabi/13.3.1/thumb/v6-m/nofp\libg.a(libc_a-calloc.o)
                0x1000740c                calloc
 .text._calloc_r
                0x10007424       0xa8 C:/Users/paola/.pico-sdk/toolchain/13_3_Rel1/bin/../lib/gcc/arm-none-eabi/13.3.1/thumb/v6-m/nofp\libg.a(libc_a-callocr.o)
                0x10007424                _calloc_r
 .text._malloc_r
                0x100074cc      0x5c4 C:/Users/paola/.pico-sdk/toolchain/13_3_Rel1/bin/../lib/gcc/arm-none-eabi/13.3.1/thumb/v6-m/nofp\libg.a(libc_a-mallocr.o)
                0x100074cc                _malloc_r
 .text.__malloc_lock
                0x10007a90       0x10 C:/Users/paola/.pico-sdk/toolchain/13_3_Rel1/bin/../lib/gcc/arm-none-eabi/13.3.1/thumb/v6-m/nofp\libg.a(libc_a-mlock.o)
                0x10007a90                __malloc_lock
 .text.__malloc_unlock
                0x10007aa0       0x10 C:/Users/paola/.pico-sdk/toolchain/13_3_Rel1/bin/../lib/gcc/arm-none-eabi/13.3.1/thumb/v6-m/nofp\libg.a(libc_a-mlock.o)
                0x10007aa0                __malloc_unlock
 .text._sbrk_r  0x10007ab0       0x24 C:/Users/paola/.pico-sdk/toolchain/13_3_Rel1/bin/../lib/gcc/arm-none-eabi/13.3.1/thumb/v6-m/nofp\libg.a(libc_a-sbrkr.o)
                0x10007ab0                _sbrk_r
 .text.__errno  0x10007ad4        0xc C:/Users/paola/.pico-sdk/toolchain/13_3_Rel1/bin/../lib/gcc/arm-none-eabi/13.3.1/thumb/v6-m/nofp\libg.a(libc_a-errno.o)
                0x10007ad4                __errno
 .text.__retarget_lock_acquire_recursive
                0x10007ae0        0x4 C:/Users/paola/.pico-sdk/toolchain/13_3_Rel1/bin/../lib/gcc/arm-none-eabi/13.3.1/thumb/v6-m/nofp\libg.a(libc_a-lock.o)
                0x10007ae0                __retarget_lock_acquire_recursive
 .text.__retarget_lock_release_recursive
                0x10007ae4        0x4 C:/Users/paola/.pico-sdk/toolchain/13_3_Rel1/bin/../lib/gcc/arm-none-eabi/13.3.1/thumb/v6-m/nofp\libg.a(libc_a-lock.o)
                0x10007ae4                __retarget_lock_release_recursive
 .text.sysconf  0x10007ae8       0x1c C:/Users/paola/.pico-sdk/toolchain/13_3_Rel1/bin/../lib/gcc/arm-none-eabi/13.3.1/thumb/v6-m/nofp\libg.a(libc_a-sysconf.o)
                0x10007ae8                sysconf
 .text.strlen   0x10007b04       0x5c C:/Users/paola/.pico-sdk/toolchain/13_3_Rel1/bin/../lib/gcc/arm-none-eabi/13.3.1/thumb/v6-m/nofp\libg.a(libc_a-strlen-stub.o)
                0x10007b04                strlen
 .text._malloc_trim_r
                0x10007b60       0xb4 C:/Users/paola/.pico-sdk/toolchain/13_3_Rel1/bin/../lib/gcc/arm-none-eabi/13.3.1/thumb/v6-m/nofp\libg.a(libc_a-freer.o)
                0x10007b60                _malloc_trim_r
 .text._free_r  0x10007c14      0x1d4 C:/Users/paola/.pico-sdk/toolchain/13_3_Rel1/bin/../lib/gcc/arm-none-eabi/13.3.1/thumb/v6-m/nofp\libg.a(libc_a-freer.o)
                0x10007c14                _free_r
 *(.fini)
 .fini          0x10007de8        0x4 C:/Users/paola/.pico-sdk/toolchain/13_3_Rel1/bin/../lib/gcc/arm-none-eabi/13.3.1/thumb/v6-m/nofp/crti.o
                0x10007de8                _fini
 *fill*         0x10007dec        0x4 
 .fini.__stub   0x10007df0       0xc0 linker stubs
 *crtbegin.o(.ctors)
 *crtbegin?.o(.ctors)
 *(EXCLUDE_FILE(*crtend.o *crtend?.o) .ctors)
 *(SORT_BY_NAME(.ctors.*))
 *(.ctors)
 *crtbegin.o(.dtors)
 *crtbegin?.o(.dtors)
 *(EXCLUDE_FILE(*crtend.o *crtend?.o) .dtors)
 *(SORT_BY_NAME(.dtors.*))
 *(.dtors)
                0x10007eb0                        . = ALIGN (0x4)
                0x10007eb0                        PROVIDE (__preinit_array_start = .)
 *(SORT_BY_NAME(.preinit_array.*))
 .preinit_array.00100
                0x10007eb0        0x4 CMakeFiles/conversorAD.dir/C_/Users/paola/.pico-sdk/sdk/2.1.0/src/rp2_common/pico_runtime_init/runtime_init.c.obj
                0x10007eb0                __pre_init_runtime_init_early_resets
 .preinit_array.00101
                0x10007eb4        0x4 CMakeFiles/conversorAD.dir/C_/Users/paola/.pico-sdk/sdk/2.1.0/src/rp2_common/pico_runtime_init/runtime_init.c.obj
                0x10007eb4                __pre_init_runtime_init_usb_power_down
 .preinit_array.00275
                0x10007eb8        0x4 CMakeFiles/conversorAD.dir/C_/Users/paola/.pico-sdk/sdk/2.1.0/src/rp2_common/pico_bit_ops/bit_ops_aeabi.S.obj
 .preinit_array.00300
                0x10007ebc        0x4 CMakeFiles/conversorAD.dir/C_/Users/paola/.pico-sdk/sdk/2.1.0/src/rp2_common/pico_mem_ops/mem_ops_aeabi.S.obj
 .preinit_array.00350
                0x10007ec0        0x4 CMakeFiles/conversorAD.dir/C_/Users/paola/.pico-sdk/sdk/2.1.0/src/rp2_common/pico_double/double_aeabi_rp2040.S.obj
 .preinit_array.00350
                0x10007ec4        0x4 CMakeFiles/conversorAD.dir/C_/Users/paola/.pico-sdk/sdk/2.1.0/src/rp2_common/pico_float/float_aeabi_rp2040.S.obj
 .preinit_array.00500
                0x10007ec8        0x4 CMakeFiles/conversorAD.dir/C_/Users/paola/.pico-sdk/sdk/2.1.0/src/rp2_common/pico_runtime_init/runtime_init.c.obj
                0x10007ec8                __pre_init_runtime_init_clocks
 .preinit_array.00600
                0x10007ecc        0x4 CMakeFiles/conversorAD.dir/C_/Users/paola/.pico-sdk/sdk/2.1.0/src/rp2_common/pico_runtime_init/runtime_init.c.obj
                0x10007ecc                __pre_init_runtime_init_post_clock_resets
 .preinit_array.00700
                0x10007ed0        0x4 CMakeFiles/conversorAD.dir/C_/Users/paola/.pico-sdk/sdk/2.1.0/src/rp2_common/pico_runtime_init/runtime_init.c.obj
                0x10007ed0                __pre_init_runtime_init_rp2040_gpio_ie_disable
 .preinit_array.01000
                0x10007ed4        0x4 CMakeFiles/conversorAD.dir/C_/Users/paola/.pico-sdk/sdk/2.1.0/src/rp2_common/pico_runtime_init/runtime_init.c.obj
                0x10007ed4                __pre_init_runtime_init_spin_locks_reset
 .preinit_array.01100
                0x10007ed8        0x4 CMakeFiles/conversorAD.dir/C_/Users/paola/.pico-sdk/sdk/2.1.0/src/common/pico_sync/mutex.c.obj
                0x10007ed8                __pre_init_runtime_init_mutex
 .preinit_array.10080
                0x10007edc        0x4 CMakeFiles/conversorAD.dir/C_/Users/paola/.pico-sdk/sdk/2.1.0/src/rp2_common/pico_runtime_init/runtime_init.c.obj
                0x10007edc                __pre_init_runtime_init_install_ram_vector_table
 .preinit_array.11000
                0x10007ee0        0x4 CMakeFiles/conversorAD.dir/C_/Users/paola/.pico-sdk/sdk/2.1.0/src/common/pico_time/time.c.obj
                0x10007ee0                __pre_init_runtime_init_default_alarm_pool
 .preinit_array.YYYYY
                0x10007ee4        0x4 CMakeFiles/conversorAD.dir/C_/Users/paola/.pico-sdk/sdk/2.1.0/src/rp2_common/pico_runtime/runtime.c.obj
                0x10007ee4                __pre_init_first_per_core_initializer
 .preinit_array.ZZZZZ.01200
                0x10007ee8        0x4 CMakeFiles/conversorAD.dir/C_/Users/paola/.pico-sdk/sdk/2.1.0/src/rp2_common/hardware_irq/irq.c.obj
                0x10007ee8                __pre_init_runtime_init_per_core_irq_priorities
 *(.preinit_array)
                0x10007eec                        PROVIDE (__preinit_array_end = .)
                0x10007eec                        . = ALIGN (0x4)
                0x10007eec                        PROVIDE (__init_array_start = .)
 *(SORT_BY_NAME(.init_array.*))
 *(.init_array)
 .init_array    0x10007eec        0x4 C:/Users/paola/.pico-sdk/toolchain/13_3_Rel1/bin/../lib/gcc/arm-none-eabi/13.3.1/thumb/v6-m/nofp/crtbegin.o
 .init_array    0x10007ef0        0x4 CMakeFiles/conversorAD.dir/C_/Users/paola/.pico-sdk/sdk/2.1.0/src/rp2_common/pico_unique_id/unique_id.c.obj
                0x10007ef4                        PROVIDE (__init_array_end = .)
                0x10007ef4                        . = ALIGN (0x4)
                [!provide]                        PROVIDE (__fini_array_start = .)
 *(SORT_BY_NAME(.fini_array.*))
 *(.fini_array)
                [!provide]                        PROVIDE (__fini_array_end = .)
 *(.eh_frame*)
 .eh_frame      0x10007ef4        0x0 C:/Users/paola/.pico-sdk/toolchain/13_3_Rel1/bin/../lib/gcc/arm-none-eabi/13.3.1/thumb/v6-m/nofp/crtbegin.o
                0x10007ef4                        . = ALIGN (0x4)

.glue_7         0x10007ef4        0x0
 .glue_7        0x10007ef4        0x0 linker stubs

.glue_7t        0x10007ef4        0x0
 .glue_7t       0x10007ef4        0x0 linker stubs

.vfp11_veneer   0x10007ef4        0x0
 .vfp11_veneer  0x10007ef4        0x0 linker stubs

.v4_bx          0x10007ef4        0x0
 .v4_bx         0x10007ef4        0x0 linker stubs

.iplt           0x10007ef4        0x0
 .iplt          0x10007ef4        0x0 C:/Users/paola/.pico-sdk/toolchain/13_3_Rel1/bin/../lib/gcc/arm-none-eabi/13.3.1/thumb/v6-m/nofp/crtbegin.o

.rodata         0x10007ef8      0x654
 *(EXCLUDE_FILE(*libm.a: *libc.a:*lib_a-mem*.o *libgcc.a:) .rodata*)
 .rodata.main.str1.4
                0x10007ef8      0x1a0 CMakeFiles/conversorAD.dir/conversorAD.c.obj
                                  0x3 (size before relaxing)
 .rodata.panic.str1.4
                0x10008098       0x12 CMakeFiles/conversorAD.dir/C_/Users/paola/.pico-sdk/sdk/2.1.0/src/rp2_common/pico_platform_panic/panic.c.obj
 .rodata.spin_lock_claim_unused.str1.4
                0x10008098       0x1b CMakeFiles/conversorAD.dir/C_/Users/paola/.pico-sdk/sdk/2.1.0/src/rp2_common/hardware_sync/sync.c.obj
 .rodata.user_irq_claim_unused.str1.4
                0x10008098       0x1b CMakeFiles/conversorAD.dir/C_/Users/paola/.pico-sdk/sdk/2.1.0/src/rp2_common/hardware_irq/irq.c.obj
 .rodata.timer_hardware_alarm_claim.str1.4
                0x10008098       0x22 CMakeFiles/conversorAD.dir/C_/Users/paola/.pico-sdk/sdk/2.1.0/src/rp2_common/hardware_timer/timer.c.obj
 .rodata.hard_assertion_failure.str1.4
                0x10008098        0xc CMakeFiles/conversorAD.dir/C_/Users/paola/.pico-sdk/sdk/2.1.0/src/rp2_common/pico_runtime/runtime.c.obj
 .rodata.missing_double_func_shim.str1.4
                0x10008098       0x18 CMakeFiles/conversorAD.dir/C_/Users/paola/.pico-sdk/sdk/2.1.0/src/rp2_common/pico_double/double_init_rom_rp2040.c.obj
 .rodata.missing_float_func_shim.str1.4
                0x10008098        0x1 CMakeFiles/conversorAD.dir/C_/Users/paola/.pico-sdk/sdk/2.1.0/src/rp2_common/pico_float/float_init_rom_rp2040.c.obj
 .rodata.__wrap_malloc.str1.4
                0x10008098        0xe CMakeFiles/conversorAD.dir/C_/Users/paola/.pico-sdk/sdk/2.1.0/src/rp2_common/pico_malloc/malloc.c.obj
 .rodata.str1.4
                0x10008098       0x44 CMakeFiles/conversorAD.dir/C_/Users/paola/.pico-sdk/sdk/2.1.0/src/rp2_common/pico_standard_binary_info/standard_binary_info.c.obj
 .rodata.__bi_84
                0x10008098        0xc CMakeFiles/conversorAD.dir/C_/Users/paola/.pico-sdk/sdk/2.1.0/src/rp2_common/pico_standard_binary_info/standard_binary_info.c.obj
 .rodata.__bi_78
                0x100080a4        0xc CMakeFiles/conversorAD.dir/C_/Users/paola/.pico-sdk/sdk/2.1.0/src/rp2_common/pico_standard_binary_info/standard_binary_info.c.obj
 .rodata.__bi_60
                0x100080b0        0xc CMakeFiles/conversorAD.dir/C_/Users/paola/.pico-sdk/sdk/2.1.0/src/rp2_common/pico_standard_binary_info/standard_binary_info.c.obj
 .rodata.__bi_54
                0x100080bc        0xc CMakeFiles/conversorAD.dir/C_/Users/paola/.pico-sdk/sdk/2.1.0/src/rp2_common/pico_standard_binary_info/standard_binary_info.c.obj
 .rodata.__bi_48
                0x100080c8        0xc CMakeFiles/conversorAD.dir/C_/Users/paola/.pico-sdk/sdk/2.1.0/src/rp2_common/pico_standard_binary_info/standard_binary_info.c.obj
 .rodata.__bi_42
                0x100080d4        0xc CMakeFiles/conversorAD.dir/C_/Users/paola/.pico-sdk/sdk/2.1.0/src/rp2_common/pico_standard_binary_info/standard_binary_info.c.obj
 .rodata.__bi_34
                0x100080e0        0xc CMakeFiles/conversorAD.dir/C_/Users/paola/.pico-sdk/sdk/2.1.0/src/rp2_common/pico_standard_binary_info/standard_binary_info.c.obj
 .rodata.__bi_26
                0x100080ec        0xc CMakeFiles/conversorAD.dir/C_/Users/paola/.pico-sdk/sdk/2.1.0/src/rp2_common/pico_standard_binary_info/standard_binary_info.c.obj
 .rodata._ftoa.str1.4
                0x100080f8       0x15 CMakeFiles/conversorAD.dir/C_/Users/paola/.pico-sdk/sdk/2.1.0/src/rp2_common/pico_printf/printf.c.obj
 .rodata._vsnprintf
                0x100080f8      0x19c CMakeFiles/conversorAD.dir/C_/Users/paola/.pico-sdk/sdk/2.1.0/src/rp2_common/pico_printf/printf.c.obj
 *fill*         0x10008294        0x4 
 .rodata.pow10.0
                0x10008298       0x50 CMakeFiles/conversorAD.dir/C_/Users/paola/.pico-sdk/sdk/2.1.0/src/rp2_common/pico_printf/printf.c.obj
 .rodata.crlf_str.0
                0x100082e8        0x2 CMakeFiles/conversorAD.dir/C_/Users/paola/.pico-sdk/sdk/2.1.0/src/rp2_common/pico_stdio/stdio.c.obj
 *fill*         0x100082ea        0x2 
 .rodata._resetd_driver
                0x100082ec       0x20 CMakeFiles/conversorAD.dir/C_/Users/paola/.pico-sdk/sdk/2.1.0/src/rp2_common/pico_stdio_usb/reset_interface.c.obj
 .rodata.desc_ms_os_20
                0x1000830c       0xa6 CMakeFiles/conversorAD.dir/C_/Users/paola/.pico-sdk/sdk/2.1.0/src/rp2_common/pico_stdio_usb/reset_interface.c.obj
 *fill*         0x100083b2        0x2 
 .rodata.desc_bos
                0x100083b4       0x21 CMakeFiles/conversorAD.dir/C_/Users/paola/.pico-sdk/sdk/2.1.0/src/rp2_common/pico_stdio_usb/reset_interface.c.obj
                0x100083b4                desc_bos
 .rodata.str1.4
                0x100083d5       0x13 CMakeFiles/conversorAD.dir/C_/Users/paola/.pico-sdk/sdk/2.1.0/src/rp2_common/pico_stdio_usb/stdio_usb.c.obj
 *fill*         0x100083d5        0x3 
 .rodata.__bi_197.0
                0x100083d8        0xc CMakeFiles/conversorAD.dir/C_/Users/paola/.pico-sdk/sdk/2.1.0/src/rp2_common/pico_stdio_usb/stdio_usb.c.obj
 .rodata.str1.4
                0x100083e4       0x2a CMakeFiles/conversorAD.dir/C_/Users/paola/.pico-sdk/sdk/2.1.0/src/rp2_common/pico_stdio_usb/stdio_usb_descriptors.c.obj
 .rodata.usbd_desc_str
                0x100083e4       0x18 CMakeFiles/conversorAD.dir/C_/Users/paola/.pico-sdk/sdk/2.1.0/src/rp2_common/pico_stdio_usb/stdio_usb_descriptors.c.obj
 .rodata.usbd_desc_cfg
                0x100083fc       0x54 CMakeFiles/conversorAD.dir/C_/Users/paola/.pico-sdk/sdk/2.1.0/src/rp2_common/pico_stdio_usb/stdio_usb_descriptors.c.obj
 .rodata.usbd_desc_device
                0x10008450       0x12 CMakeFiles/conversorAD.dir/C_/Users/paola/.pico-sdk/sdk/2.1.0/src/rp2_common/pico_stdio_usb/stdio_usb_descriptors.c.obj
 .rodata.str1.4
                0x10008462       0x14 CMakeFiles/conversorAD.dir/C_/Users/paola/.pico-sdk/sdk/2.1.0/lib/tinyusb/src/portable/raspberrypi/rp2040/dcd_rp2040.c.obj
 .rodata.str1.4
                0x10008462       0x48 CMakeFiles/conversorAD.dir/C_/Users/paola/.pico-sdk/sdk/2.1.0/lib/tinyusb/src/portable/raspberrypi/rp2040/rp2040_usb.c.obj
 *fill*         0x10008462        0x2 
 .rodata.tud_task_ext
                0x10008464       0x8c CMakeFiles/conversorAD.dir/C_/Users/paola/.pico-sdk/sdk/2.1.0/lib/tinyusb/src/device/usbd.c.obj
 .rodata        0x100084f0       0x1c CMakeFiles/conversorAD.dir/C_/Users/paola/.pico-sdk/sdk/2.1.0/lib/tinyusb/src/device/usbd.c.obj
 .rodata._usbd_driver
                0x1000850c       0x40 CMakeFiles/conversorAD.dir/C_/Users/paola/.pico-sdk/sdk/2.1.0/lib/tinyusb/src/device/usbd.c.obj
                0x1000854c                        . = ALIGN (0x4)
 *(SORT_BY_ALIGNMENT(SORT_BY_NAME(.flashdata*)))
                0x1000854c                        . = ALIGN (0x4)

.ARM.extab
 *(.ARM.extab* .gnu.linkonce.armextab.*)
                0x1000854c                        __exidx_start = .

.ARM.exidx
 *(.ARM.exidx* .gnu.linkonce.armexidx.*)
                0x1000854c                        __exidx_end = .
                0x1000854c                        . = ALIGN (0x4)
                0x1000854c                        __binary_info_start = .

.binary_info    0x1000854c       0x24
 *(.binary_info.keep.*)
 .binary_info.keep.__bi_ptr84
                0x1000854c        0x4 CMakeFiles/conversorAD.dir/C_/Users/paola/.pico-sdk/sdk/2.1.0/src/rp2_common/pico_standard_binary_info/standard_binary_info.c.obj
 .binary_info.keep.__bi_ptr78
                0x10008550        0x4 CMakeFiles/conversorAD.dir/C_/Users/paola/.pico-sdk/sdk/2.1.0/src/rp2_common/pico_standard_binary_info/standard_binary_info.c.obj
 .binary_info.keep.__bi_ptr60
                0x10008554        0x4 CMakeFiles/conversorAD.dir/C_/Users/paola/.pico-sdk/sdk/2.1.0/src/rp2_common/pico_standard_binary_info/standard_binary_info.c.obj
 .binary_info.keep.__bi_ptr54
                0x10008558        0x4 CMakeFiles/conversorAD.dir/C_/Users/paola/.pico-sdk/sdk/2.1.0/src/rp2_common/pico_standard_binary_info/standard_binary_info.c.obj
 .binary_info.keep.__bi_ptr48
                0x1000855c        0x4 CMakeFiles/conversorAD.dir/C_/Users/paola/.pico-sdk/sdk/2.1.0/src/rp2_common/pico_standard_binary_info/standard_binary_info.c.obj
 .binary_info.keep.__bi_ptr42
                0x10008560        0x4 CMakeFiles/conversorAD.dir/C_/Users/paola/.pico-sdk/sdk/2.1.0/src/rp2_common/pico_standard_binary_info/standard_binary_info.c.obj
 .binary_info.keep.__bi_ptr34
                0x10008564        0x4 CMakeFiles/conversorAD.dir/C_/Users/paola/.pico-sdk/sdk/2.1.0/src/rp2_common/pico_standard_binary_info/standard_binary_info.c.obj
 .binary_info.keep.__bi_ptr26
                0x10008568        0x4 CMakeFiles/conversorAD.dir/C_/Users/paola/.pico-sdk/sdk/2.1.0/src/rp2_common/pico_standard_binary_info/standard_binary_info.c.obj
 *(.binary_info.*)
 .binary_info.__bi_ptr197
                0x1000856c        0x4 CMakeFiles/conversorAD.dir/C_/Users/paola/.pico-sdk/sdk/2.1.0/src/rp2_common/pico_stdio_usb/stdio_usb.c.obj
                0x10008570                        __binary_info_end = .

.rel.dyn        0x10008570        0x0
 .rel.iplt      0x10008570        0x0 C:/Users/paola/.pico-sdk/toolchain/13_3_Rel1/bin/../lib/gcc/arm-none-eabi/13.3.1/thumb/v6-m/nofp/crtbegin.o
                0x10008570                        . = ALIGN (0x4)

.ram_vector_table
                0x20000000       0xc0
 *(.ram_vector_table)
 .ram_vector_table
                0x20000000       0xc0 CMakeFiles/conversorAD.dir/C_/Users/paola/.pico-sdk/sdk/2.1.0/src/rp2_common/pico_runtime_init/runtime_init.c.obj
                0x20000000                ram_vector_table

.uninitialized_data
                0x200000c0        0x0
                0x200000c0                        . = ALIGN (0x4)
 *(.uninitialized_data*)

.data           0x200000c0     0x1508 load address 0x10008570
                0x200000c0                        __data_start__ = .
 *(vtable)
 *(.time_critical*)
 .time_critical.mutex_try_enter
                0x200000c0       0x40 CMakeFiles/conversorAD.dir/C_/Users/paola/.pico-sdk/sdk/2.1.0/src/common/pico_sync/mutex.c.obj
                0x200000c0                mutex_try_enter
 .time_critical.mutex_try_enter_block_until
                0x20000100       0x9c CMakeFiles/conversorAD.dir/C_/Users/paola/.pico-sdk/sdk/2.1.0/src/common/pico_sync/mutex.c.obj
                0x20000100                mutex_try_enter_block_until
 .time_critical.mutex_enter_timeout_ms
                0x2000019c       0x90 CMakeFiles/conversorAD.dir/C_/Users/paola/.pico-sdk/sdk/2.1.0/src/common/pico_sync/mutex.c.obj
                0x2000019c                mutex_enter_timeout_ms
 .time_critical.mutex_exit
                0x2000022c       0x28 CMakeFiles/conversorAD.dir/C_/Users/paola/.pico-sdk/sdk/2.1.0/src/common/pico_sync/mutex.c.obj
                0x2000022c                mutex_exit
 .time_critical.flash_init_boot2_copyout
                0x20000254       0x30 CMakeFiles/conversorAD.dir/C_/Users/paola/.pico-sdk/sdk/2.1.0/src/rp2_common/hardware_flash/flash.c.obj
 .time_critical.flash_enable_xip_via_boot2
                0x20000284        0xc CMakeFiles/conversorAD.dir/C_/Users/paola/.pico-sdk/sdk/2.1.0/src/rp2_common/hardware_flash/flash.c.obj
 .time_critical.flash_cs_force
                0x20000290       0x38 CMakeFiles/conversorAD.dir/C_/Users/paola/.pico-sdk/sdk/2.1.0/src/rp2_common/hardware_flash/flash.c.obj
 .time_critical.flash_do_cmd
                0x200002c8       0xc0 CMakeFiles/conversorAD.dir/C_/Users/paola/.pico-sdk/sdk/2.1.0/src/rp2_common/hardware_flash/flash.c.obj
                0x200002c8                flash_do_cmd
 .time_critical.reset_non_control_endpoints
                0x20000388       0x68 CMakeFiles/conversorAD.dir/C_/Users/paola/.pico-sdk/sdk/2.1.0/lib/tinyusb/src/portable/raspberrypi/rp2040/dcd_rp2040.c.obj
 .time_critical.hw_handle_buff_status
                0x200003f0       0xb0 CMakeFiles/conversorAD.dir/C_/Users/paola/.pico-sdk/sdk/2.1.0/lib/tinyusb/src/portable/raspberrypi/rp2040/dcd_rp2040.c.obj
 .time_critical.dcd_rp2040_irq
                0x200004a0      0x578 CMakeFiles/conversorAD.dir/C_/Users/paola/.pico-sdk/sdk/2.1.0/lib/tinyusb/src/portable/raspberrypi/rp2040/dcd_rp2040.c.obj
 .time_critical.prepare_ep_buffer
                0x20000a18       0xe0 CMakeFiles/conversorAD.dir/C_/Users/paola/.pico-sdk/sdk/2.1.0/lib/tinyusb/src/portable/raspberrypi/rp2040/rp2040_usb.c.obj
 .time_critical.sync_ep_buffer
                0x20000af8       0xa8 CMakeFiles/conversorAD.dir/C_/Users/paola/.pico-sdk/sdk/2.1.0/lib/tinyusb/src/portable/raspberrypi/rp2040/rp2040_usb.c.obj
 .time_critical._hw_endpoint_xfer_sync
                0x20000ba0       0x28 CMakeFiles/conversorAD.dir/C_/Users/paola/.pico-sdk/sdk/2.1.0/lib/tinyusb/src/portable/raspberrypi/rp2040/rp2040_usb.c.obj
 .time_critical.e15_is_bulkin_ep
                0x20000bc8       0x28 CMakeFiles/conversorAD.dir/C_/Users/paola/.pico-sdk/sdk/2.1.0/lib/tinyusb/src/portable/raspberrypi/rp2040/rp2040_usb.c.obj
 .time_critical.e15_is_critical_frame_period
                0x20000bf0       0x34 CMakeFiles/conversorAD.dir/C_/Users/paola/.pico-sdk/sdk/2.1.0/lib/tinyusb/src/portable/raspberrypi/rp2040/rp2040_usb.c.obj
 .time_critical.hw_endpoint_reset_transfer
                0x20000c24        0xc CMakeFiles/conversorAD.dir/C_/Users/paola/.pico-sdk/sdk/2.1.0/lib/tinyusb/src/portable/raspberrypi/rp2040/rp2040_usb.c.obj
                0x20000c24                hw_endpoint_reset_transfer
 .time_critical._hw_endpoint_buffer_control_update32
                0x20000c30       0x50 CMakeFiles/conversorAD.dir/C_/Users/paola/.pico-sdk/sdk/2.1.0/lib/tinyusb/src/portable/raspberrypi/rp2040/rp2040_usb.c.obj
                0x20000c30                _hw_endpoint_buffer_control_update32
 .time_critical.hw_endpoint_start_next_buffer
                0x20000c80       0x6c CMakeFiles/conversorAD.dir/C_/Users/paola/.pico-sdk/sdk/2.1.0/lib/tinyusb/src/portable/raspberrypi/rp2040/rp2040_usb.c.obj
                0x20000c80                hw_endpoint_start_next_buffer
 .time_critical.hw_endpoint_xfer_continue
                0x20000cec       0x40 CMakeFiles/conversorAD.dir/C_/Users/paola/.pico-sdk/sdk/2.1.0/lib/tinyusb/src/portable/raspberrypi/rp2040/rp2040_usb.c.obj
                0x20000cec                hw_endpoint_xfer_continue
 .time_critical.tinyusb
                0x20000d2c      0x1e4 CMakeFiles/conversorAD.dir/C_/Users/paola/.pico-sdk/sdk/2.1.0/lib/tinyusb/src/device/usbd.c.obj
                0x20000d2c                dcd_event_handler
 *(.text*)
 .text          0x20000f10        0x4 C:/Users/paola/.pico-sdk/toolchain/13_3_Rel1/bin/../lib/gcc/arm-none-eabi/13.3.1/thumb/v6-m/nofp\libgcc.a(_dvmd_tls.o)
                0x20000f10                __aeabi_idiv0
                0x20000f10                __aeabi_ldiv0
 *fill*         0x20000f14        0x4 
 .text.__stub   0x20000f18       0x80 linker stubs
                0x20000f98                        . = ALIGN (0x4)
 *(.rodata*)
                0x20000f98                        . = ALIGN (0x4)
 *(.data*)
 .data.pwm_enabled
                0x20000f98        0x1 CMakeFiles/conversorAD.dir/conversorAD.c.obj
                0x20000f98                pwm_enabled
 .data.striped_spin_lock_num
                0x20000f99        0x1 CMakeFiles/conversorAD.dir/C_/Users/paola/.pico-sdk/sdk/2.1.0/src/rp2_common/hardware_sync/sync.c.obj
 *fill*         0x20000f9a        0x2 
 .data          0x20000f9c       0x48 CMakeFiles/conversorAD.dir/C_/Users/paola/.pico-sdk/sdk/2.1.0/src/rp2_common/hardware_irq/irq_handler_chain.S.obj
                0x20000f9c                irq_handler_chain_slots
                0x20000fcc                irq_handler_chain_first_slot
                0x20000fd6                irq_handler_chain_remove_tail
 .data.default_alarm_pool
                0x20000fe4       0x18 CMakeFiles/conversorAD.dir/C_/Users/paola/.pico-sdk/sdk/2.1.0/src/common/pico_time/time.c.obj
 *fill*         0x20000ffc        0x4 
 .data.aeabi_bits_funcs
                0x20001000       0x10 CMakeFiles/conversorAD.dir/C_/Users/paola/.pico-sdk/sdk/2.1.0/src/rp2_common/pico_bit_ops/bit_ops_aeabi.S.obj
                0x20001000                aeabi_bits_funcs
                0x20001010                aeabi_bits_funcs_end
 .data.aeabi_mem_funcs
                0x20001010       0x10 CMakeFiles/conversorAD.dir/C_/Users/paola/.pico-sdk/sdk/2.1.0/src/rp2_common/pico_mem_ops/mem_ops_aeabi.S.obj
                0x20001010                aeabi_mem_funcs
                0x20001020                aeabi_mem_funcs_end
 .data.stdio_usb
                0x20001020       0x18 CMakeFiles/conversorAD.dir/C_/Users/paola/.pico-sdk/sdk/2.1.0/src/rp2_common/pico_stdio_usb/stdio_usb.c.obj
                0x20001020                stdio_usb
 .data._usbd_qdef
                0x20001038       0x1c CMakeFiles/conversorAD.dir/C_/Users/paola/.pico-sdk/sdk/2.1.0/lib/tinyusb/src/device/usbd.c.obj
                0x20001038                _usbd_qdef
 .data._usbd_rhport
                0x20001054        0x1 CMakeFiles/conversorAD.dir/C_/Users/paola/.pico-sdk/sdk/2.1.0/lib/tinyusb/src/device/usbd.c.obj
 *fill*         0x20001055        0x3 
 .data.i2c1_inst
                0x20001058        0x8 CMakeFiles/conversorAD.dir/C_/Users/paola/.pico-sdk/sdk/2.1.0/src/rp2_common/hardware_i2c/i2c.c.obj
                0x20001058                i2c1_inst
 .data.i2c0_inst
                0x20001060        0x8 CMakeFiles/conversorAD.dir/C_/Users/paola/.pico-sdk/sdk/2.1.0/src/rp2_common/hardware_i2c/i2c.c.obj
                0x20001060                i2c0_inst
 .data.__malloc_sbrk_base
                0x20001068        0x4 C:/Users/paola/.pico-sdk/toolchain/13_3_Rel1/bin/../lib/gcc/arm-none-eabi/13.3.1/thumb/v6-m/nofp\libg.a(libc_a-mallocr.o)
                0x20001068                __malloc_sbrk_base
 .data.__malloc_trim_threshold
                0x2000106c        0x4 C:/Users/paola/.pico-sdk/toolchain/13_3_Rel1/bin/../lib/gcc/arm-none-eabi/13.3.1/thumb/v6-m/nofp\libg.a(libc_a-mallocr.o)
                0x2000106c                __malloc_trim_threshold
 .data.__malloc_av_
                0x20001070      0x408 C:/Users/paola/.pico-sdk/toolchain/13_3_Rel1/bin/../lib/gcc/arm-none-eabi/13.3.1/thumb/v6-m/nofp\libg.a(libc_a-mallocr.o)
                0x20001070                __malloc_av_
 .data._impure_ptr
                0x20001478        0x4 C:/Users/paola/.pico-sdk/toolchain/13_3_Rel1/bin/../lib/gcc/arm-none-eabi/13.3.1/thumb/v6-m/nofp\libg.a(libc_a-impure.o)
                0x20001478                _impure_ptr
 *fill*         0x2000147c        0x4 
 .data._impure_data
                0x20001480      0x140 C:/Users/paola/.pico-sdk/toolchain/13_3_Rel1/bin/../lib/gcc/arm-none-eabi/13.3.1/thumb/v6-m/nofp\libg.a(libc_a-impure.o)
                0x20001480                _impure_data
                0x200015c0                        . = ALIGN (0x4)
 *(.after_data.*)
                0x200015c0                        . = ALIGN (0x4)
                0x200015c0                        PROVIDE (__mutex_array_start = .)
 *(SORT_BY_NAME(.mutex_array.*))
 *(.mutex_array)
 .mutex_array   0x200015c0        0x8 CMakeFiles/conversorAD.dir/C_/Users/paola/.pico-sdk/sdk/2.1.0/src/rp2_common/pico_stdio/stdio.c.obj
                0x200015c8                        PROVIDE (__mutex_array_end = .)
                0x200015c8                        . = ALIGN (0x4)
 *(.jcr)
                0x200015c8                        . = ALIGN (0x4)

.tm_clone_table
                0x200015c8        0x0 load address 0x10009a78
 .tm_clone_table
                0x200015c8        0x0 C:/Users/paola/.pico-sdk/toolchain/13_3_Rel1/bin/../lib/gcc/arm-none-eabi/13.3.1/thumb/v6-m/nofp/crtbegin.o
 .tm_clone_table
                0x200015c8        0x0 C:/Users/paola/.pico-sdk/toolchain/13_3_Rel1/bin/../lib/gcc/arm-none-eabi/13.3.1/thumb/v6-m/nofp/crtend.o

.igot.plt       0x200015c8        0x0 load address 0x10009a78
 .igot.plt      0x200015c8        0x0 C:/Users/paola/.pico-sdk/toolchain/13_3_Rel1/bin/../lib/gcc/arm-none-eabi/13.3.1/thumb/v6-m/nofp/crtbegin.o

.tdata          0x200015c8        0x0 load address 0x10009a78
                0x200015c8                        . = ALIGN (0x4)
 *(.tdata .tdata.* .gnu.linkonce.td.*)
                0x200015c8                        __tdata_end = .
                0x200015c8                        PROVIDE (__data_end__ = .)
                0x10008570                        __etext = LOADADDR (.data)

.tbss           0x200015c8        0x0 load address 0x10009a78
                0x200015c8                        . = ALIGN (0x4)
                0x200015c8                        __bss_start__ = .
                0x200015c8                        __tls_base = .
 *(.tbss .tbss.* .gnu.linkonce.tb.*)
 *(.tcommon)
                0x200015c8                        __tls_end = .

.bss            0x200015c8     0x1214 load address 0x10009a78
                0x200015c8                        . = ALIGN (0x4)
                0x200015c8                        __tbss_end = .
 *(SORT_BY_ALIGNMENT(SORT_BY_NAME(.bss*)))
 .bss.default_alarm_pool_entries
                0x200015c8      0x180 CMakeFiles/conversorAD.dir/C_/Users/paola/.pico-sdk/sdk/2.1.0/src/common/pico_time/time.c.obj
 .bss.last_avail_time.1
                0x20001748        0x8 CMakeFiles/conversorAD.dir/C_/Users/paola/.pico-sdk/sdk/2.1.0/src/rp2_common/pico_stdio_usb/stdio_usb.c.obj
 .bss.last_button_a_time
                0x20001750        0x8 CMakeFiles/conversorAD.dir/conversorAD.c.obj
                0x20001750                last_button_a_time
 .bss.last_joy_time
                0x20001758        0x8 CMakeFiles/conversorAD.dir/conversorAD.c.obj
                0x20001758                last_joy_time
 .bss.sd_table  0x20001760      0x100 CMakeFiles/conversorAD.dir/C_/Users/paola/.pico-sdk/sdk/2.1.0/src/rp2_common/pico_double/double_init_rom_rp2040.c.obj
                0x20001760                sd_table
 .bss.__lock___malloc_recursive_mutex
                0x20001860        0x1 C:/Users/paola/.pico-sdk/toolchain/13_3_Rel1/bin/../lib/gcc/arm-none-eabi/13.3.1/thumb/v6-m/nofp\libg.a(libc_a-lock.o)
                0x20001860                __lock___malloc_recursive_mutex
 *fill*         0x20001861        0x3 
 .bss.__malloc_current_mallinfo
                0x20001864       0x28 C:/Users/paola/.pico-sdk/toolchain/13_3_Rel1/bin/../lib/gcc/arm-none-eabi/13.3.1/thumb/v6-m/nofp\libg.a(libc_a-mallocr.o)
                0x20001864                __malloc_current_mallinfo
 .bss.__malloc_max_sbrked_mem
                0x2000188c        0x4 C:/Users/paola/.pico-sdk/toolchain/13_3_Rel1/bin/../lib/gcc/arm-none-eabi/13.3.1/thumb/v6-m/nofp\libg.a(libc_a-mallocr.o)
                0x2000188c                __malloc_max_sbrked_mem
 .bss.__malloc_max_total_mem
                0x20001890        0x4 C:/Users/paola/.pico-sdk/toolchain/13_3_Rel1/bin/../lib/gcc/arm-none-eabi/13.3.1/thumb/v6-m/nofp\libg.a(libc_a-mallocr.o)
                0x20001890                __malloc_max_total_mem
 .bss.__malloc_top_pad
                0x20001894        0x4 C:/Users/paola/.pico-sdk/toolchain/13_3_Rel1/bin/../lib/gcc/arm-none-eabi/13.3.1/thumb/v6-m/nofp\libg.a(libc_a-mallocr.o)
                0x20001894                __malloc_top_pad
 .bss.__sf      0x20001898      0x138 C:/Users/paola/.pico-sdk/toolchain/13_3_Rel1/bin/../lib/gcc/arm-none-eabi/13.3.1/thumb/v6-m/nofp\libg.a(libc_a-findfp.o)
                0x20001898                __sf
 .bss._app_driver
                0x200019d0        0x4 CMakeFiles/conversorAD.dir/C_/Users/paola/.pico-sdk/sdk/2.1.0/lib/tinyusb/src/device/usbd.c.obj
 .bss._cdcd_fifo_cfg
                0x200019d4        0x1 CMakeFiles/conversorAD.dir/C_/Users/paola/.pico-sdk/sdk/2.1.0/lib/tinyusb/src/class/cdc/cdc_device.c.obj
 *fill*         0x200019d5        0x3 
 .bss._cdcd_itf
                0x200019d8      0x2c8 CMakeFiles/conversorAD.dir/C_/Users/paola/.pico-sdk/sdk/2.1.0/lib/tinyusb/src/class/cdc/cdc_device.c.obj
 .bss._ctrl_xfer
                0x20001ca0       0x14 CMakeFiles/conversorAD.dir/C_/Users/paola/.pico-sdk/sdk/2.1.0/lib/tinyusb/src/device/usbd_control.c.obj
 .bss._ubsd_mutexdef
                0x20001cb4        0x8 CMakeFiles/conversorAD.dir/C_/Users/paola/.pico-sdk/sdk/2.1.0/lib/tinyusb/src/device/usbd.c.obj
 .bss._usbd_ctrl_buf
                0x20001cbc       0x40 CMakeFiles/conversorAD.dir/C_/Users/paola/.pico-sdk/sdk/2.1.0/lib/tinyusb/src/device/usbd_control.c.obj
 .bss._usbd_dev
                0x20001cfc       0x54 CMakeFiles/conversorAD.dir/C_/Users/paola/.pico-sdk/sdk/2.1.0/lib/tinyusb/src/device/usbd.c.obj
 .bss._usbd_mutex
                0x20001d50        0x4 CMakeFiles/conversorAD.dir/C_/Users/paola/.pico-sdk/sdk/2.1.0/lib/tinyusb/src/device/usbd.c.obj
 .bss._usbd_q   0x20001d54        0x4 CMakeFiles/conversorAD.dir/C_/Users/paola/.pico-sdk/sdk/2.1.0/lib/tinyusb/src/device/usbd.c.obj
 .bss._usbd_qdef_buf
                0x20001d58       0xc0 CMakeFiles/conversorAD.dir/C_/Users/paola/.pico-sdk/sdk/2.1.0/lib/tinyusb/src/device/usbd.c.obj
                0x20001d58                _usbd_qdef_buf
 .bss._vendord_itf
                0x20001e18      0x2cc CMakeFiles/conversorAD.dir/C_/Users/paola/.pico-sdk/sdk/2.1.0/lib/tinyusb/src/class/vendor/vendor_device.c.obj
 .bss.boot2_copyout
                0x200020e4      0x100 CMakeFiles/conversorAD.dir/C_/Users/paola/.pico-sdk/sdk/2.1.0/src/rp2_common/hardware_flash/flash.c.obj
 .bss.callbacks
                0x200021e4        0x8 CMakeFiles/conversorAD.dir/C_/Users/paola/.pico-sdk/sdk/2.1.0/src/rp2_common/hardware_gpio/gpio.c.obj
 .bss.chars_available_callback
                0x200021ec        0x4 CMakeFiles/conversorAD.dir/C_/Users/paola/.pico-sdk/sdk/2.1.0/src/rp2_common/pico_stdio_usb/stdio_usb.c.obj
 .bss.chars_available_param
                0x200021f0        0x4 CMakeFiles/conversorAD.dir/C_/Users/paola/.pico-sdk/sdk/2.1.0/src/rp2_common/pico_stdio_usb/stdio_usb.c.obj
 .bss.claimed   0x200021f4        0x4 CMakeFiles/conversorAD.dir/C_/Users/paola/.pico-sdk/sdk/2.1.0/src/rp2_common/hardware_sync/sync.c.obj
 .bss.claimed   0x200021f8        0x1 CMakeFiles/conversorAD.dir/C_/Users/paola/.pico-sdk/sdk/2.1.0/src/rp2_common/hardware_timer/timer.c.obj
 *fill*         0x200021f9        0x3 
 .bss.configured_freq
                0x200021fc       0x28 CMakeFiles/conversorAD.dir/C_/Users/paola/.pico-sdk/sdk/2.1.0/src/rp2_common/hardware_clocks/clocks.c.obj
 .bss.desc_str.0
                0x20002224       0x28 CMakeFiles/conversorAD.dir/C_/Users/paola/.pico-sdk/sdk/2.1.0/src/rp2_common/pico_stdio_usb/stdio_usb_descriptors.c.obj
 .bss.drivers   0x2000224c        0x4 CMakeFiles/conversorAD.dir/C_/Users/paola/.pico-sdk/sdk/2.1.0/src/rp2_common/pico_stdio/stdio.c.obj
 .bss.e15_last_sof
                0x20002250        0x4 CMakeFiles/conversorAD.dir/C_/Users/paola/.pico-sdk/sdk/2.1.0/lib/tinyusb/src/portable/raspberrypi/rp2040/rp2040_usb.c.obj
                0x20002250                e15_last_sof
 .bss.errno     0x20002254        0x4 C:/Users/paola/.pico-sdk/toolchain/13_3_Rel1/bin/../lib/gcc/arm-none-eabi/13.3.1/thumb/v6-m/nofp\libg.a(libc_a-reent.o)
                0x20002254                errno
 .bss.filter    0x20002258        0x4 CMakeFiles/conversorAD.dir/C_/Users/paola/.pico-sdk/sdk/2.1.0/src/rp2_common/pico_stdio/stdio.c.obj
 .bss.heap_end.0
                0x2000225c        0x4 CMakeFiles/conversorAD.dir/C_/Users/paola/.pico-sdk/sdk/2.1.0/src/rp2_common/pico_clib_interface/newlib_interface.c.obj
 .bss.hw_endpoints
                0x20002260      0x400 CMakeFiles/conversorAD.dir/C_/Users/paola/.pico-sdk/sdk/2.1.0/lib/tinyusb/src/portable/raspberrypi/rp2040/dcd_rp2040.c.obj
 .bss.lazy_vsnprintf
                0x20002660        0x4 CMakeFiles/conversorAD.dir/C_/Users/paola/.pico-sdk/sdk/2.1.0/src/rp2_common/pico_printf/printf.c.obj
 .bss.load_value
                0x20002664        0x4 CMakeFiles/conversorAD.dir/C_/Users/paola/.pico-sdk/sdk/2.1.0/src/rp2_common/hardware_watchdog/watchdog.c.obj
 .bss.next_buffer_ptr
                0x20002668        0x4 CMakeFiles/conversorAD.dir/C_/Users/paola/.pico-sdk/sdk/2.1.0/lib/tinyusb/src/portable/raspberrypi/rp2040/dcd_rp2040.c.obj
 .bss.object.0  0x2000266c       0x18 C:/Users/paola/.pico-sdk/toolchain/13_3_Rel1/bin/../lib/gcc/arm-none-eabi/13.3.1/thumb/v6-m/nofp/crtbegin.o
 .bss.one_shot_timer_crit_sec
                0x20002684        0x8 CMakeFiles/conversorAD.dir/C_/Users/paola/.pico-sdk/sdk/2.1.0/src/rp2_common/pico_stdio_usb/stdio_usb.c.obj
 .bss.pools     0x2000268c       0x10 CMakeFiles/conversorAD.dir/C_/Users/paola/.pico-sdk/sdk/2.1.0/src/common/pico_time/time.c.obj
 .bss.raw_irq_mask
                0x2000269c        0x8 CMakeFiles/conversorAD.dir/C_/Users/paola/.pico-sdk/sdk/2.1.0/src/rp2_common/hardware_gpio/gpio.c.obj
 .bss.retrieved_id
                0x200026a4        0x8 CMakeFiles/conversorAD.dir/C_/Users/paola/.pico-sdk/sdk/2.1.0/src/rp2_common/pico_unique_id/unique_id.c.obj
 .bss.sf_clz_func
                0x200026ac        0x4 CMakeFiles/conversorAD.dir/C_/Users/paola/.pico-sdk/sdk/2.1.0/src/rp2_common/pico_double/double_init_rom_rp2040.c.obj
                0x200026ac                sf_clz_func
 .bss.sf_table  0x200026b0      0x100 CMakeFiles/conversorAD.dir/C_/Users/paola/.pico-sdk/sdk/2.1.0/src/rp2_common/pico_float/float_init_rom_rp2040.c.obj
                0x200026b0                sf_table
 .bss.sleep_notifier
                0x200027b0        0x4 CMakeFiles/conversorAD.dir/C_/Users/paola/.pico-sdk/sdk/2.1.0/src/common/pico_time/time.c.obj
 .bss.stdio_usb_mutex
                0x200027b4        0x8 CMakeFiles/conversorAD.dir/C_/Users/paola/.pico-sdk/sdk/2.1.0/src/rp2_common/pico_stdio_usb/stdio_usb.c.obj
 .bss.usbd_serial_str
                0x200027bc       0x11 CMakeFiles/conversorAD.dir/C_/Users/paola/.pico-sdk/sdk/2.1.0/src/rp2_common/pico_stdio_usb/stdio_usb_descriptors.c.obj
 .bss._app_driver_count
                0x200027cd        0x1 CMakeFiles/conversorAD.dir/C_/Users/paola/.pico-sdk/sdk/2.1.0/lib/tinyusb/src/device/usbd.c.obj
 .bss._sof_enable
                0x200027ce        0x1 CMakeFiles/conversorAD.dir/C_/Users/paola/.pico-sdk/sdk/2.1.0/lib/tinyusb/src/portable/raspberrypi/rp2040/dcd_rp2040.c.obj
 .bss._usbd_queued_setup
                0x200027cf        0x1 CMakeFiles/conversorAD.dir/C_/Users/paola/.pico-sdk/sdk/2.1.0/lib/tinyusb/src/device/usbd.c.obj
 .bss.boot2_copyout_valid
                0x200027d0        0x1 CMakeFiles/conversorAD.dir/C_/Users/paola/.pico-sdk/sdk/2.1.0/src/rp2_common/hardware_flash/flash.c.obj
 .bss.border_style
                0x200027d1        0x1 CMakeFiles/conversorAD.dir/conversorAD.c.obj
                0x200027d1                border_style
 .bss.button_a_already_pressed
                0x200027d2        0x1 CMakeFiles/conversorAD.dir/conversorAD.c.obj
                0x200027d2                button_a_already_pressed
 .bss.green_led_state
                0x200027d3        0x1 CMakeFiles/conversorAD.dir/conversorAD.c.obj
                0x200027d3                green_led_state
 .bss.irq_handler_chain_free_slot_head
                0x200027d4        0x1 CMakeFiles/conversorAD.dir/C_/Users/paola/.pico-sdk/sdk/2.1.0/src/rp2_common/hardware_irq/irq.c.obj